Component: ARM Compiler 5.05 update 1 (build 106) Tool: armlink [4d0efa]

==============================================================================

Section Cross References

    stm32l4xx_nucleo.o(i.BSP_LED_DeInit) refers to stm32l4xx_hal_gpio.o(i.HAL_GPIO_WritePin) for HAL_GPIO_WritePin
    stm32l4xx_nucleo.o(i.BSP_LED_DeInit) refers to stm32l4xx_hal_gpio.o(i.HAL_GPIO_DeInit) for HAL_GPIO_DeInit
    stm32l4xx_nucleo.o(i.BSP_LED_DeInit) refers to stm32l4xx_nucleo.o(.constdata) for .constdata
    stm32l4xx_nucleo.o(i.BSP_LED_DeInit) refers to stm32l4xx_nucleo.o(.data) for .data
    stm32l4xx_nucleo.o(i.BSP_LED_Init) refers to rt_memclr_w.o(.text) for __aeabi_memclr4
    stm32l4xx_nucleo.o(i.BSP_LED_Init) refers to stm32l4xx_hal_gpio.o(i.HAL_GPIO_Init) for HAL_GPIO_Init
    stm32l4xx_nucleo.o(i.BSP_LED_Init) refers to stm32l4xx_nucleo.o(.constdata) for .constdata
    stm32l4xx_nucleo.o(i.BSP_LED_Init) refers to stm32l4xx_nucleo.o(.data) for .data
    stm32l4xx_nucleo.o(i.BSP_LED_Off) refers to stm32l4xx_hal_gpio.o(i.HAL_GPIO_WritePin) for HAL_GPIO_WritePin
    stm32l4xx_nucleo.o(i.BSP_LED_Off) refers to stm32l4xx_nucleo.o(.constdata) for .constdata
    stm32l4xx_nucleo.o(i.BSP_LED_Off) refers to stm32l4xx_nucleo.o(.data) for .data
    stm32l4xx_nucleo.o(i.BSP_LED_On) refers to stm32l4xx_hal_gpio.o(i.HAL_GPIO_WritePin) for HAL_GPIO_WritePin
    stm32l4xx_nucleo.o(i.BSP_LED_On) refers to stm32l4xx_nucleo.o(.constdata) for .constdata
    stm32l4xx_nucleo.o(i.BSP_LED_On) refers to stm32l4xx_nucleo.o(.data) for .data
    stm32l4xx_nucleo.o(i.BSP_LED_Toggle) refers to stm32l4xx_hal_gpio.o(i.HAL_GPIO_TogglePin) for HAL_GPIO_TogglePin
    stm32l4xx_nucleo.o(i.BSP_LED_Toggle) refers to stm32l4xx_nucleo.o(.constdata) for .constdata
    stm32l4xx_nucleo.o(i.BSP_LED_Toggle) refers to stm32l4xx_nucleo.o(.data) for .data
    stm32l4xx_nucleo.o(i.BSP_PB_DeInit) refers to stm32l4xx_hal_cortex.o(i.HAL_NVIC_DisableIRQ) for HAL_NVIC_DisableIRQ
    stm32l4xx_nucleo.o(i.BSP_PB_DeInit) refers to stm32l4xx_hal_gpio.o(i.HAL_GPIO_DeInit) for HAL_GPIO_DeInit
    stm32l4xx_nucleo.o(i.BSP_PB_DeInit) refers to stm32l4xx_nucleo.o(.constdata) for .constdata
    stm32l4xx_nucleo.o(i.BSP_PB_DeInit) refers to stm32l4xx_nucleo.o(.data) for .data
    stm32l4xx_nucleo.o(i.BSP_PB_GetState) refers to stm32l4xx_hal_gpio.o(i.HAL_GPIO_ReadPin) for HAL_GPIO_ReadPin
    stm32l4xx_nucleo.o(i.BSP_PB_GetState) refers to stm32l4xx_nucleo.o(.constdata) for .constdata
    stm32l4xx_nucleo.o(i.BSP_PB_GetState) refers to stm32l4xx_nucleo.o(.data) for .data
    stm32l4xx_nucleo.o(i.BSP_PB_Init) refers to rt_memclr_w.o(.text) for __aeabi_memclr4
    stm32l4xx_nucleo.o(i.BSP_PB_Init) refers to stm32l4xx_hal_gpio.o(i.HAL_GPIO_Init) for HAL_GPIO_Init
    stm32l4xx_nucleo.o(i.BSP_PB_Init) refers to stm32l4xx_hal_cortex.o(i.HAL_NVIC_SetPriority) for HAL_NVIC_SetPriority
    stm32l4xx_nucleo.o(i.BSP_PB_Init) refers to stm32l4xx_hal_cortex.o(i.HAL_NVIC_EnableIRQ) for HAL_NVIC_EnableIRQ
    stm32l4xx_nucleo.o(i.BSP_PB_Init) refers to stm32l4xx_nucleo.o(.constdata) for .constdata
    stm32l4xx_nucleo.o(i.BSP_PB_Init) refers to stm32l4xx_nucleo.o(.data) for .data
    system_stm32l4xx.o(i.SystemCoreClockUpdate) refers to system_stm32l4xx.o(.constdata) for .constdata
    system_stm32l4xx.o(i.SystemCoreClockUpdate) refers to system_stm32l4xx.o(.data) for .data
    stm32l4xx_it.o(i.EXTI15_10_IRQHandler) refers to stm32l4xx_hal_gpio.o(i.HAL_GPIO_EXTI_IRQHandler) for HAL_GPIO_EXTI_IRQHandler
    stm32l4xx_it.o(i.SysTick_Handler) refers to stm32l4xx_hal.o(i.HAL_IncTick) for HAL_IncTick
    stm32l4xx_it.o(i.TIM1_UP_TIM16_IRQHandler) refers to stm32l4xx_hal_tim.o(i.HAL_TIM_IRQHandler) for HAL_TIM_IRQHandler
    stm32l4xx_it.o(i.TIM1_UP_TIM16_IRQHandler) refers to main.o(.bss) for Input_Handle
    stm32l4xx_it.o(i.TIM3_IRQHandler) refers to stm32l4xx_hal_tim.o(i.HAL_TIM_IRQHandler) for HAL_TIM_IRQHandler
    stm32l4xx_it.o(i.TIM3_IRQHandler) refers to main.o(.bss) for TimHandle
    stm32l4xx_it.o(i.UART4_IRQHandler) refers to stm32l4xx_hal_uart.o(i.HAL_UART_IRQHandler) for HAL_UART_IRQHandler
    stm32l4xx_it.o(i.UART4_IRQHandler) refers to main.o(.bss) for UartHandle
    main.o(i.ATRefresh) refers to main.o(i.FeedWDG) for FeedWDG
    main.o(i.ATRefresh) refers to stm32l4xx_hal_uart.o(i.HAL_UART_Receive) for HAL_UART_Receive
    main.o(i.ATRefresh) refers to stm32l4xx_hal.o(i.HAL_Delay) for HAL_Delay
    main.o(i.ATRefresh) refers to main.o(.bss) for .bss
    main.o(i.ATTest) refers to main.o(i.UART_SEND) for UART_SEND
    main.o(i.ATTest) refers to main.o(i.UART_RECV) for UART_RECV
    main.o(i.ATTest) refers to main.o(i.FlashingSlow) for FlashingSlow
    main.o(i.ATTest) refers to main.o(i.FlashingFast) for FlashingFast
    main.o(i.ATTest) refers to main.o(.data) for .data
    main.o(i.ATTest) refers to main.o(.bss) for .bss
    main.o(i.Deinit_GPIO_Pins) refers to stm32l4xx_hal_gpio.o(i.HAL_GPIO_DeInit) for HAL_GPIO_DeInit
[...]
    .ARM.Collect$$libshutdown$$00000009      0x08000226   Section        0  libshutdown2.o(.ARM.Collect$$libshutdown$$00000009)
    .ARM.Collect$$libshutdown$$0000000B      0x08000226   Section        0  libshutdown2.o(.ARM.Collect$$libshutdown$$0000000B)
    .ARM.Collect$$libshutdown$$0000000E      0x08000226   Section        0  libshutdown2.o(.ARM.Collect$$libshutdown$$0000000E)
    .ARM.Collect$$libshutdown$$0000000F      0x08000226   Section        2  libshutdown2.o(.ARM.Collect$$libshutdown$$0000000F)
    .ARM.Collect$$rtentry$$00000000          0x08000228   Section        0  __rtentry.o(.ARM.Collect$$rtentry$$00000000)
    .ARM.Collect$$rtentry$$00000002          0x08000228   Section        0  __rtentry2.o(.ARM.Collect$$rtentry$$00000002)
    .ARM.Collect$$rtentry$$00000004          0x08000228   Section        6  __rtentry4.o(.ARM.Collect$$rtentry$$00000004)
    .ARM.Collect$$rtentry$$00000009          0x0800022e   Section        0  __rtentry2.o(.ARM.Collect$$rtentry$$00000009)
    .ARM.Collect$$rtentry$$0000000A          0x0800022e   Section        4  __rtentry2.o(.ARM.Collect$$rtentry$$0000000A)
    .ARM.Collect$$rtentry$$0000000C          0x08000232   Section        0  __rtentry2.o(.ARM.Collect$$rtentry$$0000000C)
    .ARM.Collect$$rtentry$$0000000D          0x08000232   Section        8  __rtentry2.o(.ARM.Collect$$rtentry$$0000000D)
    .ARM.Collect$$rtexit$$00000000           0x0800023a   Section        2  rtexit.o(.ARM.Collect$$rtexit$$00000000)
    .ARM.Collect$$rtexit$$00000002           0x0800023c   Section        0  rtexit2.o(.ARM.Collect$$rtexit$$00000002)
    .ARM.Collect$$rtexit$$00000003           0x0800023c   Section        4  rtexit2.o(.ARM.Collect$$rtexit$$00000003)
    .ARM.Collect$$rtexit$$00000004           0x08000240   Section        6  rtexit2.o(.ARM.Collect$$rtexit$$00000004)
    .text                                    0x08000248   Section       64  startup_stm32l476xx.o(.text)
    $v0                                      0x08000248   Number         0  startup_stm32l476xx.o(.text)
    .text                                    0x08000288   Section      238  lludivv7m.o(.text)
    .text                                    0x08000378   Section        0  noretval__2sprintf.o(.text)
    .text                                    0x080003a0   Section        0  _printf_truncate.o(.text)
    .text                                    0x080003c4   Section        0  _printf_dec.o(.text)
    .text                                    0x0800043c   Section        0  __printf_flags_ss_wp.o(.text)
    .text                                    0x080005c4   Section        0  strlen.o(.text)
    .text                                    0x08000602   Section        0  strcat.o(.text)
    .text                                    0x0800061a   Section      100  rt_memcpy_w.o(.text)
    .text                                    0x0800067e   Section       78  rt_memclr_w.o(.text)
    .text                                    0x080006cc   Section       86  strncpy.o(.text)
    .text                                    0x08000722   Section        0  heapauxi.o(.text)
    .text                                    0x08000728   Section        0  _printf_intcommon.o(.text)
    .text                                    0x080007da   Section        0  _printf_fp_dec.o(.text)
    _fp_digits                               0x080007dd   Thumb Code   428  _printf_fp_dec.o(.text)
    .text                                    0x08000bf4   Section        0  _printf_char_common.o(.text)
    _printf_input_char                       0x08000bf5   Thumb Code    10  _printf_char_common.o(.text)
    .text                                    0x08000c24   Section        0  _sputc.o(.text)
    .text                                    0x08000c2e   Section       68  rt_memclr.o(.text)
    .text                                    0x08000c74   Section        8  rt_locale_intlibspace.o(.text)
    .text                                    0x08000c7c   Section      138  lludiv10.o(.text)
    .text                                    0x08000d08   Section        0  _printf_fp_infnan.o(.text)
    .text                                    0x08000d88   Section        0  bigflt0.o(.text)
    .text                                    0x08000e64   Section        8  libspace.o(.text)
    .text                                    0x08000e6c   Section       74  sys_stackheap_outer.o(.text)
    .text                                    0x08000eb6   Section        0  exit.o(.text)
    .text                                    0x08000ec4   Section      128  strcmpv7m.o(.text)
    .text                                    0x08000f44   Section        0  sys_exit.o(.text)
    .text                                    0x08000f50   Section        2  use_no_semi.o(.text)
    .text                                    0x08000f52   Section        0  indicate_semi.o(.text)
    CL$$btod_d2e                             0x08000f52   Section       62  btod.o(CL$$btod_d2e)
    CL$$btod_d2e_denorm_low                  0x08000f90   Section       70  btod.o(CL$$btod_d2e_denorm_low)
    CL$$btod_d2e_norm_op1                    0x08000fd6   Section       96  btod.o(CL$$btod_d2e_norm_op1)
    CL$$btod_div_common                      0x08001036   Section      824  btod.o(CL$$btod_div_common)
    CL$$btod_e2e                             0x0800136e   Section      198  btod.o(CL$$btod_e2e)
    CL$$btod_ediv                            0x08001434   Section       40  btod.o(CL$$btod_ediv)
    CL$$btod_emul                            0x0800145c   Section       40  btod.o(CL$$btod_emul)
    CL$$btod_mult_common                     0x08001484   Section      580  btod.o(CL$$btod_mult_common)
    i.ATTest                                 0x080016c8   Section        0  main.o(i.ATTest)
    i.BSP_LED_Toggle                         0x0800173c   Section        0  stm32l4xx_nucleo.o(i.BSP_LED_Toggle)
    i.BusFault_Handler                       0x08001754   Section        0  stm32l4xx_it.o(i.BusFault_Handler)
    i.DebugMon_Handler                       0x08001756   Section        0  stm32l4xx_it.o(i.DebugMon_Handler)
    i.EXTI15_10_IRQHandler                   0x08001758   Section        0  stm32l4xx_it.o(i.EXTI15_10_IRQHandler)
    i.Error_Handler                          0x0800176e   Section        0  main.o(i.Error_Handler)
    i.FeedWDG                                0x08001770   Section        0  main.o(i.FeedWDG)
    FeedWDG                                  0x08001771   Thumb Code    16  main.o(i.FeedWDG)
    i.FlashingFast                           0x08001784   Section        0  main.o(i.FlashingFast)
    i.FlashingSlow                           0x08001802   Section        0  main.o(i.FlashingSlow)
    i.GenLFM2Pulse                           0x08001844   Section        0  main.o(i.GenLFM2Pulse)
    i.GenLFMPulse                            0x08001984   Section        0  main.o(i.GenLFMPulse)
    i.GetLSIFrequency                        0x08001aa4   Section        0  main.o(i.GetLSIFrequency)
    GetLSIFrequency                          0x08001aa5   Thumb Code   104  main.o(i.GetLSIFrequency)
    i.HAL_DMA_Abort_IT                       0x08001b18   Section        0  stm32l4xx_hal_dma.o(i.HAL_DMA_Abort_IT)
    i.HAL_Delay                              0x08001b68   Section        0  stm32l4xx_hal.o(i.HAL_Delay)
    i.HAL_GPIO_DeInit                        0x08001b8c   Section        0  stm32l4xx_hal_gpio.o(i.HAL_GPIO_DeInit)
    i.HAL_GPIO_EXTI_Callback                 0x08001cec   Section        0  main.o(i.HAL_GPIO_EXTI_Callback)
    i.HAL_GPIO_EXTI_IRQHandler               0x08001cfc   Section        0  stm32l4xx_hal_gpio.o(i.HAL_GPIO_EXTI_IRQHandler)
    i.HAL_GPIO_Init                          0x08001d14   Section        0  stm32l4xx_hal_gpio.o(i.HAL_GPIO_Init)
    i.HAL_GPIO_TogglePin                     0x08001ed8   Section        0  stm32l4xx_hal_gpio.o(i.HAL_GPIO_TogglePin)
    i.HAL_GPIO_WritePin                      0x08001ee6   Section        0  stm32l4xx_hal_gpio.o(i.HAL_GPIO_WritePin)
    i.HAL_GetTick                            0x08001ef0   Section        0  stm32l4xx_hal.o(i.HAL_GetTick)
    i.HAL_IWDG_Init                          0x08001efc   Section        0  stm32l4xx_hal_iwdg.o(i.HAL_IWDG_Init)
    i.HAL_IWDG_Refresh                       0x08001f5a   Section        0  stm32l4xx_hal_iwdg.o(i.HAL_IWDG_Refresh)
    i.HAL_IncTick                            0x08001f68   Section        0  stm32l4xx_hal.o(i.HAL_IncTick)
    i.HAL_Init                               0x08001f78   Section        0  stm32l4xx_hal.o(i.HAL_Init)
    i.HAL_InitTick                           0x08001f98   Section        0  stm32l4xx_hal.o(i.HAL_InitTick)
    i.HAL_MspInit                            0x08001fdc   Section        0  stm32l4xx_hal.o(i.HAL_MspInit)
    i.HAL_NVIC_DisableIRQ                    0x08001fde   Section        0  stm32l4xx_hal_cortex.o(i.HAL_NVIC_DisableIRQ)
    i.HAL_NVIC_EnableIRQ                     0x08002000   Section        0  stm32l4xx_hal_cortex.o(i.HAL_NVIC_EnableIRQ)
    i.HAL_NVIC_SetPriority                   0x0800201c   Section        0  stm32l4xx_hal_cortex.o(i.HAL_NVIC_SetPriority)
    i.HAL_NVIC_SetPriorityGrouping           0x0800205c   Section        0  stm32l4xx_hal_cortex.o(i.HAL_NVIC_SetPriorityGrouping)
    i.HAL_PWREx_GetVoltageRange              0x08002080   Section        0  stm32l4xx_hal_pwr_ex.o(i.HAL_PWREx_GetVoltageRange)
    i.HAL_RCC_ClockConfig                    0x08002090   Section        0  stm32l4xx_hal_rcc.o(i.HAL_RCC_ClockConfig)
    i.HAL_RCC_GetPCLK1Freq                   0x080021b0   Section        0  stm32l4xx_hal_rcc.o(i.HAL_RCC_GetPCLK1Freq)
    i.HAL_RCC_GetPCLK2Freq                   0x080021d4   Section        0  stm32l4xx_hal_rcc.o(i.HAL_RCC_GetPCLK2Freq)
    i.HAL_RCC_GetSysClockFreq                0x080021f8   Section        0  stm32l4xx_hal_rcc.o(i.HAL_RCC_GetSysClockFreq)
    i.HAL_RCC_OscConfig                      0x0800229c   Section        0  stm32l4xx_hal_rcc.o(i.HAL_RCC_OscConfig)
    i.HAL_SYSTICK_Config                     0x0800277c   Section        0  stm32l4xx_hal_cortex.o(i.HAL_SYSTICK_Config)
    i.HAL_TIMEx_Break2Callback               0x080027a4   Section        0  stm32l4xx_hal_tim_ex.o(i.HAL_TIMEx_Break2Callback)
    i.HAL_TIMEx_BreakCallback                0x080027a6   Section        0  stm32l4xx_hal_tim_ex.o(i.HAL_TIMEx_BreakCallback)
    i.HAL_TIMEx_CommutCallback               0x080027a8   Section        0  stm32l4xx_hal_tim_ex.o(i.HAL_TIMEx_CommutCallback)
    i.HAL_TIMEx_RemapConfig                  0x080027ac   Section        0  stm32l4xx_hal_tim_ex.o(i.HAL_TIMEx_RemapConfig)
    i.HAL_TIM_Base_Init                      0x08002808   Section        0  stm32l4xx_hal_tim.o(i.HAL_TIM_Base_Init)
    i.HAL_TIM_Base_MspInit                   0x08002840   Section        0  stm32l4xx_hal_msp.o(i.HAL_TIM_Base_MspInit)
    i.HAL_TIM_Base_Start_IT                  0x0800286c   Section        0  stm32l4xx_hal_tim.o(i.HAL_TIM_Base_Start_IT)
    i.HAL_TIM_IC_CaptureCallback             0x08002898   Section        0  main.o(i.HAL_TIM_IC_CaptureCallback)
    i.HAL_TIM_IC_ConfigChannel               0x080028e8   Section        0  stm32l4xx_hal_tim.o(i.HAL_TIM_IC_ConfigChannel)
    i.HAL_TIM_IC_DeInit                      0x08002a06   Section        0  stm32l4xx_hal_tim.o(i.HAL_TIM_IC_DeInit)
    i.HAL_TIM_IC_Init                        0x08002a3e   Section        0  stm32l4xx_hal_tim.o(i.HAL_TIM_IC_Init)
    i.HAL_TIM_IC_MspDeInit                   0x08002a74   Section        0  stm32l4xx_hal_tim.o(i.HAL_TIM_IC_MspDeInit)
    i.HAL_TIM_IC_MspInit                     0x08002a78   Section        0  stm32l4xx_hal_msp.o(i.HAL_TIM_IC_MspInit)
    i.HAL_TIM_IC_Start_IT                    0x08002ac0   Section        0  stm32l4xx_hal_tim.o(i.HAL_TIM_IC_Start_IT)
    i.HAL_TIM_IC_Stop_IT                     0x08002b20   Section        0  stm32l4xx_hal_tim.o(i.HAL_TIM_IC_Stop_IT)
    i.HAL_TIM_IRQHandler                     0x08002b7e   Section        0  stm32l4xx_hal_tim.o(i.HAL_TIM_IRQHandler)
    i.HAL_TIM_OC_DelayElapsedCallback        0x08002d02   Section        0  stm32l4xx_hal_tim.o(i.HAL_TIM_OC_DelayElapsedCallback)
    i.HAL_TIM_PWM_PulseFinishedCallback      0x08002d04   Section        0  stm32l4xx_hal_tim.o(i.HAL_TIM_PWM_PulseFinishedCallback)
    i.HAL_TIM_PeriodElapsedCallback          0x08002d08   Section        0  main.o(i.HAL_TIM_PeriodElapsedCallback)
    i.HAL_TIM_ReadCapturedValue              0x08002d3c   Section        0  stm32l4xx_hal_tim.o(i.HAL_TIM_ReadCapturedValue)
    i.HAL_TIM_TriggerCallback                0x08002d66   Section        0  stm32l4xx_hal_tim.o(i.HAL_TIM_TriggerCallback)
    i.HAL_UARTEx_WakeupCallback              0x08002d68   Section        0  stm32l4xx_hal_uart_ex.o(i.HAL_UARTEx_WakeupCallback)
    i.HAL_UART_DeInit                        0x08002d6a   Section        0  stm32l4xx_hal_uart.o(i.HAL_UART_DeInit)
    i.HAL_UART_ErrorCallback                 0x08002da4   Section        0  main.o(i.HAL_UART_ErrorCallback)
    i.HAL_UART_IRQHandler                    0x08002db4   Section        0  stm32l4xx_hal_uart.o(i.HAL_UART_IRQHandler)
    i.HAL_UART_Init                          0x08002ef8   Section        0  stm32l4xx_hal_uart.o(i.HAL_UART_Init)
    i.HAL_UART_MspDeInit                     0x08002f60   Section        0  stm32l4xx_hal_msp.o(i.HAL_UART_MspDeInit)
    i.HAL_UART_MspInit                       0x08002f98   Section        0  stm32l4xx_hal_msp.o(i.HAL_UART_MspInit)
    i.HAL_UART_Receive                       0x08003010   Section        0  stm32l4xx_hal_uart.o(i.HAL_UART_Receive)
    i.HAL_UART_Transmit_IT                   0x080030fc   Section        0  stm32l4xx_hal_uart.o(i.HAL_UART_Transmit_IT)
    i.HAL_UART_TxCpltCallback                0x08003160   Section        0  main.o(i.HAL_UART_TxCpltCallback)
    i.HardFault_Handler                      0x0800316c   Section        0  stm32l4xx_it.o(i.HardFault_Handler)
    i.InitCurrentTime                        0x0800316e   Section        0  main.o(i.InitCurrentTime)
    i.Init_GPIO_Pins                         0x0800317c   Section        0  main.o(i.Init_GPIO_Pins)
    i.Init_LED_Pins                          0x08003278   Section        0  main.o(i.Init_LED_Pins)
    i.MemManage_Handler                      0x08003328   Section        0  stm32l4xx_it.o(i.MemManage_Handler)
    i.NMI_Handler                            0x0800332a   Section        0  stm32l4xx_it.o(i.NMI_Handler)
    i.PendSV_Handler                         0x0800332c   Section        0  stm32l4xx_it.o(i.PendSV_Handler)
    i.RCC_SetFlashLatencyFromMSIRange        0x08003330   Section        0  stm32l4xx_hal_rcc.o(i.RCC_SetFlashLatencyFromMSIRange)
    RCC_SetFlashLatencyFromMSIRange          0x08003331   Thumb Code   116  stm32l4xx_hal_rcc.o(i.RCC_SetFlashLatencyFromMSIRange)
    i.Reset_DSP_Relay                        0x080033ac   Section        0  main.o(i.Reset_DSP_Relay)
    i.Reset_LED_Pins                         0x080033bc   Section        0  main.o(i.Reset_LED_Pins)
    i.Reset_Pins                             0x080033f8   Section        0  main.o(i.Reset_Pins)
    i.Reset_TxRx_Relay1                      0x0800342c   Section        0  main.o(i.Reset_TxRx_Relay1)
    i.Reset_TxRx_Relay2                      0x0800343c   Section        0  main.o(i.Reset_TxRx_Relay2)
    i.SVC_Handler                            0x0800344c   Section        0  stm32l4xx_it.o(i.SVC_Handler)
    i.Set_DSP_Relay                          0x08003450   Section        0  main.o(i.Set_DSP_Relay)
    i.Set_LED_Pins                           0x08003460   Section        0  main.o(i.Set_LED_Pins)
    i.Set_Status                             0x08003494   Section        0  main.o(i.Set_Status)
    i.Set_TxRx_Relay1                        0x080034a0   Section        0  main.o(i.Set_TxRx_Relay1)
    i.Set_TxRx_Relay2                        0x080034b0   Section        0  main.o(i.Set_TxRx_Relay2)
    i.SysTick_Handler                        0x080034c0   Section        0  stm32l4xx_it.o(i.SysTick_Handler)
    i.SystemClock_Config                     0x080034c4   Section        0  main.o(i.SystemClock_Config)
    i.SystemInit                             0x08003528   Section        0  system_stm32l4xx.o(i.SystemInit)
    i.TIM1_UP_TIM16_IRQHandler               0x0800356c   Section        0  stm32l4xx_it.o(i.TIM1_UP_TIM16_IRQHandler)
    i.TIM3_IRQHandler                        0x08003578   Section        0  stm32l4xx_it.o(i.TIM3_IRQHandler)
    i.TIM_Base_SetConfig                     0x08003584   Section        0  stm32l4xx_hal_tim.o(i.TIM_Base_SetConfig)
    i.TIM_CCxChannelCmd                      0x08003644   Section        0  stm32l4xx_hal_tim.o(i.TIM_CCxChannelCmd)
    i.TIM_TI1_SetConfig                      0x08003660   Section        0  stm32l4xx_hal_tim.o(i.TIM_TI1_SetConfig)
    i.TIM_TI2_SetConfig                      0x080036d8   Section        0  stm32l4xx_hal_tim.o(i.TIM_TI2_SetConfig)
    TIM_TI2_SetConfig                        0x080036d9   Thumb Code    54  stm32l4xx_hal_tim.o(i.TIM_TI2_SetConfig)
    i.TestUart                               0x08003710   Section        0  main.o(i.TestUart)
    i.UART4_IRQHandler                       0x08003768   Section        0  stm32l4xx_it.o(i.UART4_IRQHandler)
    i.UART_AdvFeatureConfig                  0x08003774   Section        0  stm32l4xx_hal_uart.o(i.UART_AdvFeatureConfig)
    i.UART_CheckIdleState                    0x0800383c   Section        0  stm32l4xx_hal_uart.o(i.UART_CheckIdleState)
    i.UART_DMAAbortOnError                   0x08003894   Section        0  stm32l4xx_hal_uart.o(i.UART_DMAAbortOnError)
    UART_DMAAbortOnError                     0x08003895   Thumb Code    20  stm32l4xx_hal_uart.o(i.UART_DMAAbortOnError)
    i.UART_EndRxTransfer                     0x080038a8   Section        0  stm32l4xx_hal_uart.o(i.UART_EndRxTransfer)
    UART_EndRxTransfer                       0x080038a9   Thumb Code    30  stm32l4xx_hal_uart.o(i.UART_EndRxTransfer)
    i.UART_Error_Handler                     0x080038c6   Section        0  main.o(i.UART_Error_Handler)
    UART_Error_Handler                       0x080038c7   Thumb Code    14  main.o(i.UART_Error_Handler)
    i.UART_RECV                              0x080038d4   Section        0  main.o(i.UART_RECV)
    i.UART_SEND                              0x080038e8   Section        0  main.o(i.UART_SEND)
    i.UART_SetConfig                         0x08003930   Section        0  stm32l4xx_hal_uart.o(i.UART_SetConfig)
    i.UART_TxISR_16BIT                       0x08003bd0   Section        0  stm32l4xx_hal_uart.o(i.UART_TxISR_16BIT)
    UART_TxISR_16BIT                         0x08003bd1   Thumb Code    64  stm32l4xx_hal_uart.o(i.UART_TxISR_16BIT)
    i.UART_TxISR_8BIT                        0x08003c10   Section        0  stm32l4xx_hal_uart.o(i.UART_TxISR_8BIT)
    UART_TxISR_8BIT                          0x08003c11   Thumb Code    60  stm32l4xx_hal_uart.o(i.UART_TxISR_8BIT)
    i.UART_WaitOnFlagUntilTimeout            0x08003c4c   Section        0  stm32l4xx_hal_uart.o(i.UART_WaitOnFlagUntilTimeout)
    i.UpdateCurrentTime                      0x08003cac   Section        0  main.o(i.UpdateCurrentTime)
    i.UsageFault_Handler                     0x08003ce0   Section        0  stm32l4xx_it.o(i.UsageFault_Handler)
    i.__ARM_fpclassify                       0x08003ce2   Section        0  fpclassify.o(i.__ARM_fpclassify)
    i.__NVIC_SetPriority                     0x08003d12   Section        0  stm32l4xx_hal_cortex.o(i.__NVIC_SetPriority)
    __NVIC_SetPriority                       0x08003d13   Thumb Code    32  stm32l4xx_hal_cortex.o(i.__NVIC_SetPriority)
    i._is_digit                              0x08003d32   Section        0  __printf_wp.o(i._is_digit)
    i.main                                   0x08003d40   Section        0  main.o(i.main)
    locale$$code                             0x08003f0c   Section       44  lc_numeric_c.o(locale$$code)
    x$fpl$fpinit                             0x08003f38   Section       10  fpinit.o(x$fpl$fpinit)
    $v0                                      0x08003f38   Number         0  fpinit.o(x$fpl$fpinit)
    x$fpl$printf1                            0x08003f42   Section        4  printf1.o(x$fpl$printf1)
    $v0                                      0x08003f42   Number         0  printf1.o(x$fpl$printf1)
    .constdata                               0x08003f46   Section        6  stm32l4xx_nucleo.o(.constdata)
    x$fpl$usenofp                            0x08003f46   Section        0  usenofp.o(x$fpl$usenofp)
    .constdata                               0x08003f4c   Section       64  system_stm32l4xx.o(.constdata)
    .constdata                               0x08003f8c   Section        8  system_stm32l4xx.o(.constdata)
    .constdata                               0x08003f94   Section      320  main.o(.constdata)
    .constdata                               0x080040d4   Section       17  __printf_flags_ss_wp.o(.constdata)
    maptable                                 0x080040d4   Data          17  __printf_flags_ss_wp.o(.constdata)
    .constdata                               0x080040e8   Section      148  bigflt0.o(.constdata)
    tenpwrs_x                                0x080040e8   Data          60  bigflt0.o(.constdata)
    tenpwrs_i                                0x08004124   Data          64  bigflt0.o(.constdata)
    locale$$data                             0x0800419c   Section       28  lc_numeric_c.o(locale$$data)
    __lcnum_c_name                           0x080041a0   Data           2  lc_numeric_c.o(locale$$data)
    __lcnum_c_start                          0x080041a8   Data           0  lc_numeric_c.o(locale$$data)
    __lcnum_c_point                          0x080041b4   Data           0  lc_numeric_c.o(locale$$data)
    __lcnum_c_thousands                      0x080041b6   Data           0  lc_numeric_c.o(locale$$data)
    __lcnum_c_grouping                       0x080041b7   Data           0  lc_numeric_c.o(locale$$data)
    __lcnum_c_end                            0x080041b8   Data           0  lc_numeric_c.o(locale$$data)
    .ARM.__AT_0x10000000                     0x10000000   Section        2  main.o(.ARM.__AT_0x10000000)
    .ARM.__AT_0x10000008                     0x10000008   Section        2  main.o(.ARM.__AT_0x10000008)
    .ARM.__AT_0x10000016                     0x10000016   Section        8  main.o(.ARM.__AT_0x10000016)
    .data                                    0x20000000   Section        8  stm32l4xx_nucleo.o(.data)
    .data                                    0x20000008   Section        4  system_stm32l4xx.o(.data)
    .data                                    0x2000000c   Section      148  main.o(.data)
    waitOneHour                              0x20000018   Data           4  main.o(.data)
    waitOneHour2                             0x2000001c   Data           4  main.o(.data)
    .data                                    0x200000a0   Section       12  stm32l4xx_hal.o(.data)
    .bss                                     0x200000ac   Section      584  main.o(.bss)
    GPIO_InitStruct0                         0x200000ec   Data          20  main.o(.bss)
    GPIO_InitStruct1                         0x20000100   Data          20  main.o(.bss)
    GPIO_InitStruct2                         0x20000114   Data          20  main.o(.bss)
    GPIO_InitStruct3                         0x20000128   Data          20  main.o(.bss)
    GPIO_InitStruct4                         0x2000013c   Data          20  main.o(.bss)
    GPIO_InitStruct5                         0x20000150   Data          20  main.o(.bss)
    IwdgHandle                               0x20000254   Data          16  main.o(.bss)
    .bss                                     0x200002f4   Section       96  libspace.o(.bss)
    HEAP                                     0x20000358   Section      512  startup_stm32l476xx.o(HEAP)
    Heap_Mem                                 0x20000358   Data         512  startup_stm32l476xx.o(HEAP)
    STACK                                    0x20000558   Section     1024  startup_stm32l476xx.o(STACK)
    Stack_Mem                                0x20000558   Data        1024  startup_stm32l476xx.o(STACK)
    __initial_sp                             0x20000958   Data           0  startup_stm32l476xx.o(STACK)

    Global Symbols

    Symbol Name                              Value     Ov Type        Size  Object(Section)

    BuildAttributes$$THM_ISAv4$E$P$D$K$B$S$7EM$VFPi3$EXTD16$VFPS$VFMA$PE$A:L22UL41UL21$X:L11$S22US41US21$IEEE1$IW$USESV6$~STKCKD$USESV7$~SHL$OTIME$ROPI$IEEEX$EBA8$UX$STANDARDLIB$REQ8$PRES8$EABIv2 0x00000000   Number         0  anon$$obj.o ABSOLUTE
    __ARM_use_no_argv                        0x00000000   Number         0  main.o ABSOLUTE
    _printf_flags                            0x00000000   Number         0  printf_stubs.o ABSOLUTE
    _printf_return_value                     0x00000000   Number         0  printf_stubs.o ABSOLUTE
    _printf_sizespec                         0x00000000   Number         0  printf_stubs.o ABSOLUTE
    _printf_widthprec                        0x00000000   Number         0  printf_stubs.o ABSOLUTE
    __ARM_exceptions_init                     - Undefined Weak Reference
    __alloca_initialize                       - Undefined Weak Reference
    __arm_preinit_                            - Undefined Weak Reference
    __cpp_initialize__aeabi_                  - Undefined Weak Reference
    __cxa_finalize                            - Undefined Weak Reference
    __sigvec_lookup                           - Undefined Weak Reference
    _atexit_init                              - Undefined Weak Reference
    _call_atexit_fns                          - Undefined Weak Reference
    _clock_init                               - Undefined Weak Reference
    _fp_trap_init                             - Undefined Weak Reference
    _fp_trap_shutdown                         - Undefined Weak Reference
    _get_lc_collate                           - Undefined Weak Reference
    _get_lc_monetary                          - Undefined Weak Reference
    _get_lc_time                              - Undefined Weak Reference
    _getenv_init                              - Undefined Weak Reference
    _handle_redirection                       - Undefined Weak Reference
    _init_alloc                               - Undefined Weak Reference
    _init_user_alloc                          - Undefined Weak Reference
    _initio                                   - Undefined Weak Reference
    _rand_init                                - Undefined Weak Reference
    _signal_finish                            - Undefined Weak Reference
    _signal_init                              - Undefined Weak Reference
    _terminate_alloc                          - Undefined Weak Reference
    _terminate_user_alloc                     - Undefined Weak Reference
    _terminateio                              - Undefined Weak Reference
    __Vectors_Size                           0x00000188   Number         0  startup_stm32l476xx.o ABSOLUTE
    __Vectors                                0x08000000   Data           4  startup_stm32l476xx.o(RESET)
    __Vectors_End                            0x08000188   Data           0  startup_stm32l476xx.o(RESET)
    __main                                   0x08000189   Thumb Code     8  __main.o(!!!main)
    __scatterload                            0x08000191   Thumb Code     0  __scatter.o(!!!scatter)
    __scatterload_rt2                        0x08000191   Thumb Code    44  __scatter.o(!!!scatter)
    __scatterload_rt2_thumb_only             0x08000191   Thumb Code     0  __scatter.o(!!!scatter)
    __scatterload_null                       0x0800019f   Thumb Code     0  __scatter.o(!!!scatter)
    __scatterload_copy                       0x080001c5   Thumb Code    26  __scatter_copy.o(!!handler_copy)
    __scatterload_zeroinit                   0x080001e1   Thumb Code    28  __scatter_zi.o(!!handler_zi)
    _printf_f                                0x080001fd   Thumb Code     0  _printf_f.o(.ARM.Collect$$_printf_percent$$00000003)
    _printf_percent                          0x080001fd   Thumb Code     0  _printf_percent.o(.ARM.Collect$$_printf_percent$$00000000)
    _printf_u                                0x08000203   Thumb Code     0  _printf_u.o(.ARM.Collect$$_printf_percent$$0000000A)
    _printf_percent_end                      0x08000209   Thumb Code     0  _printf_percent_end.o(.ARM.Collect$$_printf_percent$$00000017)
    __rt_lib_init                            0x0800020d   Thumb Code     0  libinit.o(.ARM.Collect$$libinit$$00000000)
    __rt_lib_init_fp_1                       0x0800020f   Thumb Code     0  libinit2.o(.ARM.Collect$$libinit$$00000001)
    __rt_lib_init_heap_1                     0x08000213   Thumb Code     0  libinit2.o(.ARM.Collect$$libinit$$0000000A)
    __rt_lib_init_lc_common                  0x08000213   Thumb Code     0  libinit2.o(.ARM.Collect$$libinit$$0000000F)
    __rt_lib_init_preinit_1                  0x08000213   Thumb Code     0  libinit2.o(.ARM.Collect$$libinit$$00000004)
    __rt_lib_init_rand_1                     0x08000213   Thumb Code     0  libinit2.o(.ARM.Collect$$libinit$$0000000E)
    __rt_lib_init_user_alloc_1               0x08000213   Thumb Code     0  libinit2.o(.ARM.Collect$$libinit$$0000000C)
    __rt_lib_init_lc_collate_1               0x08000219   Thumb Code     0  libinit2.o(.ARM.Collect$$libinit$$00000011)
    __rt_lib_init_lc_ctype_1                 0x08000219   Thumb Code     0  libinit2.o(.ARM.Collect$$libinit$$00000013)
    __rt_lib_init_lc_monetary_1              0x08000219   Thumb Code     0  libinit2.o(.ARM.Collect$$libinit$$00000015)
    __rt_lib_init_lc_numeric_2               0x08000219   Thumb Code     0  libinit2.o(.ARM.Collect$$libinit$$00000016)
    __rt_lib_init_alloca_1                   0x08000223   Thumb Code     0  libinit2.o(.ARM.Collect$$libinit$$0000002E)
    __rt_lib_init_argv_1                     0x08000223   Thumb Code     0  libinit2.o(.ARM.Collect$$libinit$$0000002C)
    __rt_lib_init_atexit_1                   0x08000223   Thumb Code     0  libinit2.o(.ARM.Collect$$libinit$$0000001B)
    __rt_lib_init_clock_1                    0x08000223   Thumb Code     0  libinit2.o(.ARM.Collect$$libinit$$00000021)
    __rt_lib_init_cpp_1                      0x08000223   Thumb Code     0  libinit2.o(.ARM.Collect$$libinit$$00000032)
    __rt_lib_init_exceptions_1               0x08000223   Thumb Code     0  libinit2.o(.ARM.Collect$$libinit$$00000030)
    __rt_lib_init_fp_trap_1                  0x08000223   Thumb Code     0  libinit2.o(.ARM.Collect$$libinit$$0000001F)
    __rt_lib_init_getenv_1                   0x08000223   Thumb Code     0  libinit2.o(.ARM.Collect$$libinit$$00000023)
    __rt_lib_init_lc_numeric_1               0x08000223   Thumb Code     0  libinit2.o(.ARM.Collect$$libinit$$00000017)
    __rt_lib_init_lc_time_1                  0x08000223   Thumb Code     0  libinit2.o(.ARM.Collect$$libinit$$00000019)
    __rt_lib_init_return                     0x08000223   Thumb Code     0  libinit2.o(.ARM.Collect$$libinit$$00000033)
    __rt_lib_init_signal_1                   0x08000223   Thumb Code     0  libinit2.o(.ARM.Collect$$libinit$$0000001D)
    __rt_lib_init_stdio_1                    0x08000223   Thumb Code     0  libinit2.o(.ARM.Collect$$libinit$$00000025)
    __rt_lib_shutdown                        0x08000225   Thumb Code     0  libshutdown.o(.ARM.Collect$$libshutdown$$00000000)
    __rt_lib_shutdown_fp_trap_1              0x08000227   Thumb Code     0  libshutdown2.o(.ARM.Collect$$libshutdown$$00000006)
    __rt_lib_shutdown_heap_1                 0x08000227   Thumb Code     0  libshutdown2.o(.ARM.Collect$$libshutdown$$0000000E)
    __rt_lib_shutdown_return                 0x08000227   Thumb Code     0  libshutdown2.o(.ARM.Collect$$libshutdown$$0000000F)
    __rt_lib_shutdown_signal_1               0x08000227   Thumb Code     0  libshutdown2.o(.ARM.Collect$$libshutdown$$00000009)
    __rt_lib_shutdown_stdio_1                0x08000227   Thumb Code     0  libshutdown2.o(.ARM.Collect$$libshutdown$$00000003)
    __rt_lib_shutdown_user_alloc_1           0x08000227   Thumb Code     0  libshutdown2.o(.ARM.Collect$$libshutdown$$0000000B)
    __rt_entry                               0x08000229   Thumb Code     0  __rtentry.o(.ARM.Collect$$rtentry$$00000000)
    __rt_entry_presh_1                       0x08000229   Thumb Code     0  __rtentry2.o(.ARM.Collect$$rtentry$$00000002)
    __rt_entry_sh                            0x08000229   Thumb Code     0  __rtentry4.o(.ARM.Collect$$rtentry$$00000004)
    __rt_entry_li                            0x0800022f   Thumb Code     0  __rtentry2.o(.ARM.Collect$$rtentry$$0000000A)
    __rt_entry_postsh_1                      0x0800022f   Thumb Code     0  __rtentry2.o(.ARM.Collect$$rtentry$$00000009)
    __rt_entry_main                          0x08000233   Thumb Code     0  __rtentry2.o(.ARM.Collect$$rtentry$$0000000D)
    __rt_entry_postli_1                      0x08000233   Thumb Code     0  __rtentry2.o(.ARM.Collect$$rtentry$$0000000C)
    __rt_exit                                0x0800023b   Thumb Code     0  rtexit.o(.ARM.Collect$$rtexit$$00000000)
    __rt_exit_ls                             0x0800023d   Thumb Code     0  rtexit2.o(.ARM.Collect$$rtexit$$00000003)
    __rt_exit_prels_1                        0x0800023d   Thumb Code     0  rtexit2.o(.ARM.Collect$$rtexit$$00000002)
    __rt_exit_exit                           0x08000241   Thumb Code     0  rtexit2.o(.ARM.Collect$$rtexit$$00000004)
    Reset_Handler                            0x08000249   Thumb Code     8  startup_stm32l476xx.o(.text)
    ADC1_2_IRQHandler                        0x08000263   Thumb Code     0  startup_stm32l476xx.o(.text)
    ADC3_IRQHandler                          0x08000263   Thumb Code     0  startup_stm32l476xx.o(.text)
    CAN1_RX0_IRQHandler                      0x08000263   Thumb Code     0  startup_stm32l476xx.o(.text)
    CAN1_RX1_IRQHandler                      0x08000263   Thumb Code     0  startup_stm32l476xx.o(.text)
    CAN1_SCE_IRQHandler                      0x08000263   Thumb Code     0  startup_stm32l476xx.o(.text)
    CAN1_TX_IRQHandler                       0x08000263   Thumb Code     0  startup_stm32l476xx.o(.text)
    COMP_IRQHandler                          0x08000263   Thumb Code     0  startup_stm32l476xx.o(.text)
    DFSDM1_FLT0_IRQHandler                   0x08000263   Thumb Code     0  startup_stm32l476xx.o(.text)
    DFSDM1_FLT1_IRQHandler                   0x08000263   Thumb Code     0  startup_stm32l476xx.o(.text)
    DFSDM1_FLT2_IRQHandler                   0x08000263   Thumb Code     0  startup_stm32l476xx.o(.text)
    DFSDM1_FLT3_IRQHandler                   0x08000263   Thumb Code     0  startup_stm32l476xx.o(.text)
    DMA1_Channel1_IRQHandler                 0x08000263   Thumb Code     0  startup_stm32l476xx.o(.text)
    DMA1_Channel2_IRQHandler                 0x08000263   Thumb Code     0  startup_stm32l476xx.o(.text)
    DMA1_Channel3_IRQHandler                 0x08000263   Thumb Code     0  startup_stm32l476xx.o(.text)
    DMA1_Channel4_IRQHandler                 0x08000263   Thumb Code     0  startup_stm32l476xx.o(.text)
    DMA1_Channel5_IRQHandler                 0x08000263   Thumb Code     0  startup_stm32l476xx.o(.text)
    DMA1_Channel6_IRQHandler                 0x08000263   Thumb Code     0  startup_stm32l476xx.o(.text)
    DMA1_Channel7_IRQHandler                 0x08000263   Thumb Code     0  startup_stm32l476xx.o(.text)
    DMA2_Channel1_IRQHandler                 0x08000263   Thumb Code     0  startup_stm32l476xx.o(.text)
    DMA2_Channel2_IRQHandler                 0x08000263   Thumb Code     0  startup_stm32l476xx.o(.text)
    DMA2_Channel3_IRQHandler                 0x08000263   Thumb Code     0  startup_stm32l476xx.o(.text)
    DMA2_Channel4_IRQHandler                 0x08000263   Thumb Code     0  startup_stm32l476xx.o(.text)
    DMA2_Channel5_IRQHandler                 0x08000263   Thumb Code     0  startup_stm32l476xx.o(.text)
    DMA2_Channel6_IRQHandler                 0x08000263   Thumb Code     0  startup_stm32l476xx.o(.text)
    DMA2_Channel7_IRQHandler                 0x08000263   Thumb Code     0  startup_stm32l476xx.o(.text)
    EXTI0_IRQHandler                         0x08000263   Thumb Code     0  startup_stm32l476xx.o(.text)
    EXTI1_IRQHandler                         0x08000263   Thumb Code     0  startup_stm32l476xx.o(.text)
    EXTI2_IRQHandler                         0x08000263   Thumb Code     0  startup_stm32l476xx.o(.text)
    EXTI3_IRQHandler                         0x08000263   Thumb Code     0  startup_stm32l476xx.o(.text)
    EXTI4_IRQHandler                         0x08000263   Thumb Code     0  startup_stm32l476xx.o(.text)
    EXTI9_5_IRQHandler                       0x08000263   Thumb Code     0  startup_stm32l476xx.o(.text)
    FLASH_IRQHandler                         0x08000263   Thumb Code     0  startup_stm32l476xx.o(.text)
    FMC_IRQHandler                           0x08000263   Thumb Code     0  startup_stm32l476xx.o(.text)
    FPU_IRQHandler                           0x08000263   Thumb Code     0  startup_stm32l476xx.o(.text)
    I2C1_ER_IRQHandler                       0x08000263   Thumb Code     0  startup_stm32l476xx.o(.text)
    I2C1_EV_IRQHandler                       0x08000263   Thumb Code     0  startup_stm32l476xx.o(.text)
    I2C2_ER_IRQHandler                       0x08000263   Thumb Code     0  startup_stm32l476xx.o(.text)
    I2C2_EV_IRQHandler                       0x08000263   Thumb Code     0  startup_stm32l476xx.o(.text)
    I2C3_ER_IRQHandler                       0x08000263   Thumb Code     0  startup_stm32l476xx.o(.text)
    I2C3_EV_IRQHandler                       0x08000263   Thumb Code     0  startup_stm32l476xx.o(.text)
    LCD_IRQHandler                           0x08000263   Thumb Code     0  startup_stm32l476xx.o(.text)
    LPTIM1_IRQHandler                        0x08000263   Thumb Code     0  startup_stm32l476xx.o(.text)
    LPTIM2_IRQHandler                        0x08000263   Thumb Code     0  startup_stm32l476xx.o(.text)
    LPUART1_IRQHandler                       0x08000263   Thumb Code     0  startup_stm32l476xx.o(.text)
    OTG_FS_IRQHandler                        0x08000263   Thumb Code     0  startup_stm32l476xx.o(.text)
    PVD_PVM_IRQHandler                       0x08000263   Thumb Code     0  startup_stm32l476xx.o(.text)
    QUADSPI_IRQHandler                       0x08000263   Thumb Code     0  startup_stm32l476xx.o(.text)
    RCC_IRQHandler                           0x08000263   Thumb Code     0  startup_stm32l476xx.o(.text)
    RNG_IRQHandler                           0x08000263   Thumb Code     0  startup_stm32l476xx.o(.text)
    RTC_Alarm_IRQHandler                     0x08000263   Thumb Code     0  startup_stm32l476xx.o(.text)
    RTC_WKUP_IRQHandler                      0x08000263   Thumb Code     0  startup_stm32l476xx.o(.text)
    SAI1_IRQHandler                          0x08000263   Thumb Code     0  startup_stm32l476xx.o(.text)
    SAI2_IRQHandler                          0x08000263   Thumb Code     0  startup_stm32l476xx.o(.text)
    SDMMC1_IRQHandler                        0x08000263   Thumb Code     0  startup_stm32l476xx.o(.text)
    SPI1_IRQHandler                          0x08000263   Thumb Code     0  startup_stm32l476xx.o(.text)
    SPI2_IRQHandler                          0x08000263   Thumb Code     0  startup_stm32l476xx.o(.text)
    SPI3_IRQHandler                          0x08000263   Thumb Code     0  startup_stm32l476xx.o(.text)
    SWPMI1_IRQHandler                        0x08000263   Thumb Code     0  startup_stm32l476xx.o(.text)
    TAMP_STAMP_IRQHandler                    0x08000263   Thumb Code     0  startup_stm32l476xx.o(.text)
    TIM1_BRK_TIM15_IRQHandler                0x08000263   Thumb Code     0  startup_stm32l476xx.o(.text)
    TIM1_CC_IRQHandler                       0x08000263   Thumb Code     0  startup_stm32l476xx.o(.text)
    TIM1_TRG_COM_TIM17_IRQHandler            0x08000263   Thumb Code     0  startup_stm32l476xx.o(.text)
    TIM2_IRQHandler                          0x08000263   Thumb Code     0  startup_stm32l476xx.o(.text)
    TIM4_IRQHandler                          0x08000263   Thumb Code     0  startup_stm32l476xx.o(.text)
    TIM5_IRQHandler                          0x08000263   Thumb Code     0  startup_stm32l476xx.o(.text)
    TIM6_DAC_IRQHandler                      0x08000263   Thumb Code     0  startup_stm32l476xx.o(.text)
    TIM7_IRQHandler                          0x08000263   Thumb Code     0  startup_stm32l476xx.o(.text)
    TIM8_BRK_IRQHandler                      0x08000263   Thumb Code     0  startup_stm32l476xx.o(.text)
    TIM8_CC_IRQHandler                       0x08000263   Thumb Code     0  startup_stm32l476xx.o(.text)
    TIM8_TRG_COM_IRQHandler                  0x08000263   Thumb Code     0  startup_stm32l476xx.o(.text)
    TIM8_UP_IRQHandler                       0x08000263   Thumb Code     0  startup_stm32l476xx.o(.text)
    TSC_IRQHandler                           0x08000263   Thumb Code     0  startup_stm32l476xx.o(.text)
    UART5_IRQHandler                         0x08000263   Thumb Code     0  startup_stm32l476xx.o(.text)
    USART1_IRQHandler                        0x08000263   Thumb Code     0  startup_stm32l476xx.o(.text)
    USART2_IRQHandler                        0x08000263   Thumb Code     0  startup_stm32l476xx.o(.text)
    USART3_IRQHandler                        0x08000263   Thumb Code     0  startup_stm32l476xx.o(.text)
    WWDG_IRQHandler                          0x08000263   Thumb Code     0  startup_stm32l476xx.o(.text)
    __user_initial_stackheap                 0x08000265   Thumb Code     0  startup_stm32l476xx.o(.text)
    __aeabi_uldivmod                         0x08000289   Thumb Code     0  lludivv7m.o(.text)
    _ll_udiv                                 0x08000289   Thumb Code   238  lludivv7m.o(.text)
    __2sprintf                               0x08000379   Thumb Code    34  noretval__2sprintf.o(.text)
    _printf_truncate_signed                  0x080003a1   Thumb Code    18  _printf_truncate.o(.text)
    _printf_truncate_unsigned                0x080003b3   Thumb Code    18  _printf_truncate.o(.text)
    _printf_int_dec                          0x080003c5   Thumb Code   104  _printf_dec.o(.text)
    __printf                                 0x0800043d   Thumb Code   388  __printf_flags_ss_wp.o(.text)
    strlen                                   0x080005c5   Thumb Code    62  strlen.o(.text)
    strcat                                   0x08000603   Thumb Code    24  strcat.o(.text)
    __aeabi_memcpy4                          0x0800061b   Thumb Code     0  rt_memcpy_w.o(.text)
    __aeabi_memcpy8                          0x0800061b   Thumb Code     0  rt_memcpy_w.o(.text)
    __rt_memcpy_w                            0x0800061b   Thumb Code   100  rt_memcpy_w.o(.text)
    _memcpy_lastbytes_aligned                0x08000663   Thumb Code     0  rt_memcpy_w.o(.text)
    __aeabi_memclr4                          0x0800067f   Thumb Code     0  rt_memclr_w.o(.text)
    __aeabi_memclr8                          0x0800067f   Thumb Code     0  rt_memclr_w.o(.text)
    __rt_memclr_w                            0x0800067f   Thumb Code    78  rt_memclr_w.o(.text)
    _memset_w                                0x08000683   Thumb Code     0  rt_memclr_w.o(.text)
    strncpy                                  0x080006cd   Thumb Code    86  strncpy.o(.text)
    __use_two_region_memory                  0x08000723   Thumb Code     2  heapauxi.o(.text)
    __rt_heap_escrow$2region                 0x08000725   Thumb Code     2  heapauxi.o(.text)
    __rt_heap_expand$2region                 0x08000727   Thumb Code     2  heapauxi.o(.text)
    _printf_int_common                       0x08000729   Thumb Code   178  _printf_intcommon.o(.text)
    __lib_sel_fp_printf                      0x080007db   Thumb Code     2  _printf_fp_dec.o(.text)
    _printf_fp_dec_real                      0x08000989   Thumb Code   620  _printf_fp_dec.o(.text)
    _printf_char_common                      0x08000bff   Thumb Code    32  _printf_char_common.o(.text)
    _sputc                                   0x08000c25   Thumb Code    10  _sputc.o(.text)
    __aeabi_memclr                           0x08000c2f   Thumb Code     0  rt_memclr.o(.text)
    __rt_memclr                              0x08000c2f   Thumb Code    68  rt_memclr.o(.text)
    _memset                                  0x08000c33   Thumb Code     0  rt_memclr.o(.text)
    __rt_locale                              0x08000c75   Thumb Code     8  rt_locale_intlibspace.o(.text)
    _ll_udiv10                               0x08000c7d   Thumb Code   138  lludiv10.o(.text)
    _printf_fp_infnan                        0x08000d09   Thumb Code   112  _printf_fp_infnan.o(.text)
    _btod_etento                             0x08000d89   Thumb Code   216  bigflt0.o(.text)
    __user_libspace                          0x08000e65   Thumb Code     8  libspace.o(.text)
    __user_perproc_libspace                  0x08000e65   Thumb Code     0  libspace.o(.text)
    __user_perthread_libspace                0x08000e65   Thumb Code     0  libspace.o(.text)
    __user_setup_stackheap                   0x08000e6d   Thumb Code    74  sys_stackheap_outer.o(.text)
    exit                                     0x08000eb7   Thumb Code    12  exit.o(.text)
    strcmp                                   0x08000ec5   Thumb Code   128  strcmpv7m.o(.text)
    _sys_exit                                0x08000f45   Thumb Code     8  sys_exit.o(.text)
    __I$use$semihosting                      0x08000f51   Thumb Code     0  use_no_semi.o(.text)
    __use_no_semihosting_swi                 0x08000f51   Thumb Code     2  use_no_semi.o(.text)
    __semihosting_library_function           0x08000f53   Thumb Code     0  indicate_semi.o(.text)
    _btod_d2e                                0x08000f53   Thumb Code    62  btod.o(CL$$btod_d2e)
    _d2e_denorm_low                          0x08000f91   Thumb Code    70  btod.o(CL$$btod_d2e_denorm_low)
    _d2e_norm_op1                            0x08000fd7   Thumb Code    96  btod.o(CL$$btod_d2e_norm_op1)
    __btod_div_common                        0x08001037   Thumb Code   696  btod.o(CL$$btod_div_common)
    _e2e                                     0x0800136f   Thumb Code   198  btod.o(CL$$btod_e2e)
    _btod_ediv                               0x08001435   Thumb Code    40  btod.o(CL$$btod_ediv)
    _btod_emul                               0x0800145d   Thumb Code    40  btod.o(CL$$btod_emul)
    __btod_mult_common                       0x08001485   Thumb Code   580  btod.o(CL$$btod_mult_common)
    ATTest                                   0x080016c9   Thumb Code    98  main.o(i.ATTest)
    BSP_LED_Toggle                           0x0800173d   Thumb Code    16  stm32l4xx_nucleo.o(i.BSP_LED_Toggle)
    BusFault_Handler                         0x08001755   Thumb Code     2  stm32l4xx_it.o(i.BusFault_Handler)
    DebugMon_Handler                         0x08001757   Thumb Code     2  stm32l4xx_it.o(i.DebugMon_Handler)
    EXTI15_10_IRQHandler                     0x08001759   Thumb Code    22  stm32l4xx_it.o(i.EXTI15_10_IRQHandler)
    Error_Handler                            0x0800176f   Thumb Code     2  main.o(i.Error_Handler)
    FlashingFast                             0x08001785   Thumb Code   126  main.o(i.FlashingFast)
    FlashingSlow                             0x08001803   Thumb Code    66  main.o(i.FlashingSlow)
    GenLFM2Pulse                             0x08001845   Thumb Code   296  main.o(i.GenLFM2Pulse)
    GenLFMPulse                              0x08001985   Thumb Code   262  main.o(i.GenLFMPulse)
    HAL_DMA_Abort_IT                         0x08001b19   Thumb Code    78  stm32l4xx_hal_dma.o(i.HAL_DMA_Abort_IT)
    HAL_Delay                                0x08001b69   Thumb Code    32  stm32l4xx_hal.o(i.HAL_Delay)
    HAL_GPIO_DeInit                          0x08001b8d   Thumb Code   320  stm32l4xx_hal_gpio.o(i.HAL_GPIO_DeInit)
    HAL_GPIO_EXTI_Callback                   0x08001ced   Thumb Code    14  main.o(i.HAL_GPIO_EXTI_Callback)
    HAL_GPIO_EXTI_IRQHandler                 0x08001cfd   Thumb Code    18  stm32l4xx_hal_gpio.o(i.HAL_GPIO_EXTI_IRQHandler)
    HAL_GPIO_Init                            0x08001d15   Thumb Code   414  stm32l4xx_hal_gpio.o(i.HAL_GPIO_Init)
    HAL_GPIO_TogglePin                       0x08001ed9   Thumb Code    14  stm32l4xx_hal_gpio.o(i.HAL_GPIO_TogglePin)
    HAL_GPIO_WritePin                        0x08001ee7   Thumb Code    10  stm32l4xx_hal_gpio.o(i.HAL_GPIO_WritePin)
    HAL_GetTick                              0x08001ef1   Thumb Code     6  stm32l4xx_hal.o(i.HAL_GetTick)
    HAL_IWDG_Init                            0x08001efd   Thumb Code    94  stm32l4xx_hal_iwdg.o(i.HAL_IWDG_Init)
    HAL_IWDG_Refresh                         0x08001f5b   Thumb Code    12  stm32l4xx_hal_iwdg.o(i.HAL_IWDG_Refresh)
    HAL_IncTick                              0x08001f69   Thumb Code    12  stm32l4xx_hal.o(i.HAL_IncTick)
    HAL_Init                                 0x08001f79   Thumb Code    30  stm32l4xx_hal.o(i.HAL_Init)
    HAL_InitTick                             0x08001f99   Thumb Code    58  stm32l4xx_hal.o(i.HAL_InitTick)
    HAL_MspInit                              0x08001fdd   Thumb Code     2  stm32l4xx_hal.o(i.HAL_MspInit)
    HAL_NVIC_DisableIRQ                      0x08001fdf   Thumb Code    34  stm32l4xx_hal_cortex.o(i.HAL_NVIC_DisableIRQ)
    HAL_NVIC_EnableIRQ                       0x08002001   Thumb Code    26  stm32l4xx_hal_cortex.o(i.HAL_NVIC_EnableIRQ)
    HAL_NVIC_SetPriority                     0x0800201d   Thumb Code    60  stm32l4xx_hal_cortex.o(i.HAL_NVIC_SetPriority)
    HAL_NVIC_SetPriorityGrouping             0x0800205d   Thumb Code    26  stm32l4xx_hal_cortex.o(i.HAL_NVIC_SetPriorityGrouping)
    HAL_PWREx_GetVoltageRange                0x08002081   Thumb Code    10  stm32l4xx_hal_pwr_ex.o(i.HAL_PWREx_GetVoltageRange)
    HAL_RCC_ClockConfig                      0x08002091   Thumb Code   266  stm32l4xx_hal_rcc.o(i.HAL_RCC_ClockConfig)
    HAL_RCC_GetPCLK1Freq                     0x080021b1   Thumb Code    24  stm32l4xx_hal_rcc.o(i.HAL_RCC_GetPCLK1Freq)
    HAL_RCC_GetPCLK2Freq                     0x080021d5   Thumb Code    24  stm32l4xx_hal_rcc.o(i.HAL_RCC_GetPCLK2Freq)
    HAL_RCC_GetSysClockFreq                  0x080021f9   Thumb Code   150  stm32l4xx_hal_rcc.o(i.HAL_RCC_GetSysClockFreq)
    HAL_RCC_OscConfig                        0x0800229d   Thumb Code  1242  stm32l4xx_hal_rcc.o(i.HAL_RCC_OscConfig)
    HAL_SYSTICK_Config                       0x0800277d   Thumb Code    40  stm32l4xx_hal_cortex.o(i.HAL_SYSTICK_Config)
    HAL_TIMEx_Break2Callback                 0x080027a5   Thumb Code     2  stm32l4xx_hal_tim_ex.o(i.HAL_TIMEx_Break2Callback)
    HAL_TIMEx_BreakCallback                  0x080027a7   Thumb Code     2  stm32l4xx_hal_tim_ex.o(i.HAL_TIMEx_BreakCallback)
    HAL_TIMEx_CommutCallback                 0x080027a9   Thumb Code     2  stm32l4xx_hal_tim_ex.o(i.HAL_TIMEx_CommutCallback)
    HAL_TIMEx_RemapConfig                    0x080027ad   Thumb Code    78  stm32l4xx_hal_tim_ex.o(i.HAL_TIMEx_RemapConfig)
    HAL_TIM_Base_Init                        0x08002809   Thumb Code    54  stm32l4xx_hal_tim.o(i.HAL_TIM_Base_Init)
    HAL_TIM_Base_MspInit                     0x08002841   Thumb Code    40  stm32l4xx_hal_msp.o(i.HAL_TIM_Base_MspInit)
    HAL_TIM_Base_Start_IT                    0x0800286d   Thumb Code    40  stm32l4xx_hal_tim.o(i.HAL_TIM_Base_Start_IT)
    HAL_TIM_IC_CaptureCallback               0x08002899   Thumb Code    68  main.o(i.HAL_TIM_IC_CaptureCallback)
    HAL_TIM_IC_ConfigChannel                 0x080028e9   Thumb Code   286  stm32l4xx_hal_tim.o(i.HAL_TIM_IC_ConfigChannel)
    HAL_TIM_IC_DeInit                        0x08002a07   Thumb Code    56  stm32l4xx_hal_tim.o(i.HAL_TIM_IC_DeInit)
    HAL_TIM_IC_Init                          0x08002a3f   Thumb Code    54  stm32l4xx_hal_tim.o(i.HAL_TIM_IC_Init)
    HAL_TIM_IC_MspDeInit                     0x08002a75   Thumb Code     2  stm32l4xx_hal_tim.o(i.HAL_TIM_IC_MspDeInit)
    HAL_TIM_IC_MspInit                       0x08002a79   Thumb Code    66  stm32l4xx_hal_msp.o(i.HAL_TIM_IC_MspInit)
    HAL_TIM_IC_Start_IT                      0x08002ac1   Thumb Code    92  stm32l4xx_hal_tim.o(i.HAL_TIM_IC_Start_IT)
    HAL_TIM_IC_Stop_IT                       0x08002b21   Thumb Code    94  stm32l4xx_hal_tim.o(i.HAL_TIM_IC_Stop_IT)
    HAL_TIM_IRQHandler                       0x08002b7f   Thumb Code   388  stm32l4xx_hal_tim.o(i.HAL_TIM_IRQHandler)
    HAL_TIM_OC_DelayElapsedCallback          0x08002d03   Thumb Code     2  stm32l4xx_hal_tim.o(i.HAL_TIM_OC_DelayElapsedCallback)
    HAL_TIM_PWM_PulseFinishedCallback        0x08002d05   Thumb Code     2  stm32l4xx_hal_tim.o(i.HAL_TIM_PWM_PulseFinishedCallback)
    HAL_TIM_PeriodElapsedCallback            0x08002d09   Thumb Code    44  main.o(i.HAL_TIM_PeriodElapsedCallback)
    HAL_TIM_ReadCapturedValue                0x08002d3d   Thumb Code    42  stm32l4xx_hal_tim.o(i.HAL_TIM_ReadCapturedValue)
    HAL_TIM_TriggerCallback                  0x08002d67   Thumb Code     2  stm32l4xx_hal_tim.o(i.HAL_TIM_TriggerCallback)
    HAL_UARTEx_WakeupCallback                0x08002d69   Thumb Code     2  stm32l4xx_hal_uart_ex.o(i.HAL_UARTEx_WakeupCallback)
    HAL_UART_DeInit                          0x08002d6b   Thumb Code    58  stm32l4xx_hal_uart.o(i.HAL_UART_DeInit)
    HAL_UART_ErrorCallback                   0x08002da5   Thumb Code    14  main.o(i.HAL_UART_ErrorCallback)
    HAL_UART_IRQHandler                      0x08002db5   Thumb Code   318  stm32l4xx_hal_uart.o(i.HAL_UART_IRQHandler)
    HAL_UART_Init                            0x08002ef9   Thumb Code   102  stm32l4xx_hal_uart.o(i.HAL_UART_Init)
    HAL_UART_MspDeInit                       0x08002f61   Thumb Code    50  stm32l4xx_hal_msp.o(i.HAL_UART_MspDeInit)
    HAL_UART_MspInit                         0x08002f99   Thumb Code   114  stm32l4xx_hal_msp.o(i.HAL_UART_MspInit)
    HAL_UART_Receive                         0x08003011   Thumb Code   236  stm32l4xx_hal_uart.o(i.HAL_UART_Receive)
    HAL_UART_Transmit_IT                     0x080030fd   Thumb Code    92  stm32l4xx_hal_uart.o(i.HAL_UART_Transmit_IT)
    HAL_UART_TxCpltCallback                  0x08003161   Thumb Code     8  main.o(i.HAL_UART_TxCpltCallback)
    HardFault_Handler                        0x0800316d   Thumb Code     2  stm32l4xx_it.o(i.HardFault_Handler)
    InitCurrentTime                          0x0800316f   Thumb Code    12  main.o(i.InitCurrentTime)
    Init_GPIO_Pins                           0x0800317d   Thumb Code   238  main.o(i.Init_GPIO_Pins)
    Init_LED_Pins                            0x08003279   Thumb Code   164  main.o(i.Init_LED_Pins)
    MemManage_Handler                        0x08003329   Thumb Code     2  stm32l4xx_it.o(i.MemManage_Handler)
    NMI_Handler                              0x0800332b   Thumb Code     2  stm32l4xx_it.o(i.NMI_Handler)
    PendSV_Handler                           0x0800332d   Thumb Code     2  stm32l4xx_it.o(i.PendSV_Handler)
    Reset_DSP_Relay                          0x080033ad   Thumb Code    10  main.o(i.Reset_DSP_Relay)
    Reset_LED_Pins                           0x080033bd   Thumb Code    54  main.o(i.Reset_LED_Pins)
    Reset_Pins                               0x080033f9   Thumb Code    48  main.o(i.Reset_Pins)
    Reset_TxRx_Relay1                        0x0800342d   Thumb Code    10  main.o(i.Reset_TxRx_Relay1)
    Reset_TxRx_Relay2                        0x0800343d   Thumb Code    10  main.o(i.Reset_TxRx_Relay2)
    SVC_Handler                              0x0800344d   Thumb Code     2  stm32l4xx_it.o(i.SVC_Handler)
    Set_DSP_Relay                            0x08003451   Thumb Code    10  main.o(i.Set_DSP_Relay)
    Set_LED_Pins                             0x08003461   Thumb Code    48  main.o(i.Set_LED_Pins)
    Set_Status                               0x08003495   Thumb Code     8  main.o(i.Set_Status)
    Set_TxRx_Relay1                          0x080034a1   Thumb Code    10  main.o(i.Set_TxRx_Relay1)
    Set_TxRx_Relay2                          0x080034b1   Thumb Code    10  main.o(i.Set_TxRx_Relay2)
    SysTick_Handler                          0x080034c1   Thumb Code     4  stm32l4xx_it.o(i.SysTick_Handler)
    SystemClock_Config                       0x080034c5   Thumb Code   100  main.o(i.SystemClock_Config)
    SystemInit                               0x08003529   Thumb Code    56  system_stm32l4xx.o(i.SystemInit)
    TIM1_UP_TIM16_IRQHandler                 0x0800356d   Thumb Code     6  stm32l4xx_it.o(i.TIM1_UP_TIM16_IRQHandler)
    TIM3_IRQHandler                          0x08003579   Thumb Code     6  stm32l4xx_it.o(i.TIM3_IRQHandler)
    TIM_Base_SetConfig                       0x08003585   Thumb Code   160  stm32l4xx_hal_tim.o(i.TIM_Base_SetConfig)
    TIM_CCxChannelCmd                        0x08003645   Thumb Code    26  stm32l4xx_hal_tim.o(i.TIM_CCxChannelCmd)
    TIM_TI1_SetConfig                        0x08003661   Thumb Code    94  stm32l4xx_hal_tim.o(i.TIM_TI1_SetConfig)
    TestUart                                 0x08003711   Thumb Code    70  main.o(i.TestUart)
    UART4_IRQHandler                         0x08003769   Thumb Code     6  stm32l4xx_it.o(i.UART4_IRQHandler)
    UART_AdvFeatureConfig                    0x08003775   Thumb Code   200  stm32l4xx_hal_uart.o(i.UART_AdvFeatureConfig)
    UART_CheckIdleState                      0x0800383d   Thumb Code    88  stm32l4xx_hal_uart.o(i.UART_CheckIdleState)
    UART_RECV                                0x080038d5   Thumb Code    14  main.o(i.UART_RECV)
    UART_SEND                                0x080038e9   Thumb Code    62  main.o(i.UART_SEND)
    UART_SetConfig                           0x08003931   Thumb Code   622  stm32l4xx_hal_uart.o(i.UART_SetConfig)
    UART_WaitOnFlagUntilTimeout              0x08003c4d   Thumb Code    96  stm32l4xx_hal_uart.o(i.UART_WaitOnFlagUntilTimeout)
    UpdateCurrentTime                        0x08003cad   Thumb Code    52  main.o(i.UpdateCurrentTime)
    UsageFault_Handler                       0x08003ce1   Thumb Code     2  stm32l4xx_it.o(i.UsageFault_Handler)
    __ARM_fpclassify                         0x08003ce3   Thumb Code    48  fpclassify.o(i.__ARM_fpclassify)
    _is_digit                                0x08003d33   Thumb Code    14  __printf_wp.o(i._is_digit)
    main                                     0x08003d41   Thumb Code   412  main.o(i.main)
    _get_lc_numeric                          0x08003f0d   Thumb Code    44  lc_numeric_c.o(locale$$code)
    _fp_init                                 0x08003f39   Thumb Code    10  fpinit.o(x$fpl$fpinit)
    __fplib_config_fpu_vfp                   0x08003f41   Thumb Code     0  fpinit.o(x$fpl$fpinit)
    __fplib_config_pureend_doubles           0x08003f41   Thumb Code     0  fpinit.o(x$fpl$fpinit)
    _printf_fp_dec                           0x08003f43   Thumb Code     4  printf1.o(x$fpl$printf1)
    GPIO_PIN                                 0x08003f46   Data           2  stm32l4xx_nucleo.o(.constdata)
    __I$use$fp                               0x08003f46   Number         0  usenofp.o(x$fpl$usenofp)
    BUTTON_PIN                               0x08003f48   Data           2  stm32l4xx_nucleo.o(.constdata)
    BUTTON_IRQn                              0x08003f4a   Data           2  stm32l4xx_nucleo.o(.constdata)
    AHBPrescTable                            0x08003f4c   Data          16  system_stm32l4xx.o(.constdata)
    MSIRangeTable                            0x08003f5c   Data          48  system_stm32l4xx.o(.constdata)
    APBPrescTable                            0x08003f8c   Data           8  system_stm32l4xx.o(.constdata)
    Region$$Table$$Base                      0x0800417c   Number         0  anon$$obj.o(Region$$Table)
    Region$$Table$$Limit                     0x0800419c   Number         0  anon$$obj.o(Region$$Table)
    Date                                     0x10000000   Data           2  main.o(.ARM.__AT_0x10000000)
    State                                    0x10000008   Data           2  main.o(.ARM.__AT_0x10000008)
    CurrentTimeInst                          0x10000016   Data           8  main.o(.ARM.__AT_0x10000016)
    GPIO_PORT                                0x20000000   Data           4  stm32l4xx_nucleo.o(.data)
    BUTTON_PORT                              0x20000004   Data           4  stm32l4xx_nucleo.o(.data)
    SystemCoreClock                          0x20000008   Data           4  system_stm32l4xx.o(.data)
    waiting_status                           0x2000000c   Data           1  main.o(.data)
    UartReady                                0x2000000d   Data           1  main.o(.data)
    UartRecvReady                            0x2000000e   Data           1  main.o(.data)
    ENDFLAG                                  0x2000000f   Data           2  main.o(.data)
    uwPrescalerValue                         0x20000014   Data           4  main.o(.data)
    UartRecvLen                              0x20000020   Data           4  main.o(.data)
    tmpCC4                                   0x20000024   Data           4  main.o(.data)
    uwLsiFreq                                0x20000028   Data           4  main.o(.data)
    uwCaptureNumber                          0x2000002c   Data           4  main.o(.data)
    aTxBuffer                                0x20000030   Data         112  main.o(.data)
    uwTickPrio                               0x200000a0   Data           4  stm32l4xx_hal.o(.data)
    uwTickFreq                               0x200000a4   Data           4  stm32l4xx_hal.o(.data)
    uwTick                                   0x200000a8   Data           4  stm32l4xx_hal.o(.data)
    TimHandle                                0x200000ac   Data          64  main.o(.bss)
    UartHandle                               0x20000164   Data         128  main.o(.bss)
    aRxBuffer                                0x200001e4   Data         111  main.o(.bss)
    Input_Handle                             0x20000264   Data          64  main.o(.bss)
    GPIO_LED0                                0x200002a4   Data          20  main.o(.bss)
    GPIO_LED1                                0x200002b8   Data          20  main.o(.bss)
    GPIO_LED2                                0x200002cc   Data          20  main.o(.bss)
    GPIO_LED3                                0x200002e0   Data          20  main.o(.bss)
    __libspace_start                         0x200002f4   Data          96  libspace.o(.bss)
    __temporary_stack_top$libspace           0x20000354   Data           0  libspace.o(.bss)



==============================================================================

Memory Map of the image

  Image Entry point : 0x08000189

  Load Region LR_IROM1 (Base: 0x08000000, Size: 0x00004264, Max: 0x00100000, ABSOLUTE)

    Execution Region ER_IROM1 (Base: 0x08000000, Size: 0x000041b8, Max: 0x00100000, ABSOLUTE)

    Base Addr    Size         Type   Attr      Idx    E Section Name        Object

    0x08000000   0x00000188   Data   RO         5671    RESET               startup_stm32l476xx.o
    0x08000188   0x00000008   Code   RO         5727  * !!!main             c_w.l(__main.o)
    0x08000190   0x00000034   Code   RO         6078    !!!scatter          c_w.l(__scatter.o)
    0x080001c4   0x0000001a   Code   RO         6080    !!handler_copy      c_w.l(__scatter_copy.o)
    0x080001de   0x00000002   PAD
    0x080001e0   0x0000001c   Code   RO         6082    !!handler_zi        c_w.l(__scatter_zi.o)
    0x080001fc   0x00000000   Code   RO         5714    .ARM.Collect$$_printf_percent$$00000000  c_w.l(_printf_percent.o)
    0x080001fc   0x00000006   Code   RO         5713    .ARM.Collect$$_printf_percent$$00000003  c_w.l(_printf_f.o)
    0x08000202   0x00000006   Code   RO         5712    .ARM.Collect$$_printf_percent$$0000000A  c_w.l(_printf_u.o)
    0x08000208   0x00000004   Code   RO         5752    .ARM.Collect$$_printf_percent$$00000017  c_w.l(_printf_percent_end.o)
    0x0800020c   0x00000002   Code   RO         5851    .ARM.Collect$$libinit$$00000000  c_w.l(libinit.o)
    0x0800020e   0x00000004   Code   RO         5852    .ARM.Collect$$libinit$$00000001  c_w.l(libinit2.o)
    0x08000212   0x00000000   Code   RO         5855    .ARM.Collect$$libinit$$00000004  c_w.l(libinit2.o)
    0x08000212   0x00000000   Code   RO         5858    .ARM.Collect$$libinit$$0000000A  c_w.l(libinit2.o)
    0x08000212   0x00000000   Code   RO         5860    .ARM.Collect$$libinit$$0000000C  c_w.l(libinit2.o)
    0x08000212   0x00000000   Code   RO         5862    .ARM.Collect$$libinit$$0000000E  c_w.l(libinit2.o)
    0x08000212   0x00000006   Code   RO         5863    .ARM.Collect$$libinit$$0000000F  c_w.l(libinit2.o)
    0x08000218   0x00000000   Code   RO         5865    .ARM.Collect$$libinit$$00000011  c_w.l(libinit2.o)
    0x08000218   0x00000000   Code   RO         5867    .ARM.Collect$$libinit$$00000013  c_w.l(libinit2.o)
    0x08000218   0x00000000   Code   RO         5869    .ARM.Collect$$libinit$$00000015  c_w.l(libinit2.o)
    0x08000218   0x0000000a   Code   RO         5870    .ARM.Collect$$libinit$$00000016  c_w.l(libinit2.o)
    0x08000222   0x00000000   Code   RO         5871    .ARM.Collect$$libinit$$00000017  c_w.l(libinit2.o)
    0x08000222   0x00000000   Code   RO         5873    .ARM.Collect$$libinit$$00000019  c_w.l(libinit2.o)
    0x08000222   0x00000000   Code   RO         5875    .ARM.Collect$$libinit$$0000001B  c_w.l(libinit2.o)
    0x08000222   0x00000000   Code   RO         5877    .ARM.Collect$$libinit$$0000001D  c_w.l(libinit2.o)
    0x08000222   0x00000000   Code   RO         5879    .ARM.Collect$$libinit$$0000001F  c_w.l(libinit2.o)
    0x08000222   0x00000000   Code   RO         5881    .ARM.Collect$$libinit$$00000021  c_w.l(libinit2.o)
    0x08000222   0x00000000   Code   RO         5883    .ARM.Collect$$libinit$$00000023  c_w.l(libinit2.o)
    0x08000222   0x00000000   Code   RO         5885    .ARM.Collect$$libinit$$00000025  c_w.l(libinit2.o)
    0x08000222   0x00000000   Code   RO         5889    .ARM.Collect$$libinit$$0000002C  c_w.l(libinit2.o)
    0x08000222   0x00000000   Code   RO         5891    .ARM.Collect$$libinit$$0000002E  c_w.l(libinit2.o)
    0x08000222   0x00000000   Code   RO         5893    .ARM.Collect$$libinit$$00000030  c_w.l(libinit2.o)
    0x08000222   0x00000000   Code   RO         5895    .ARM.Collect$$libinit$$00000032  c_w.l(libinit2.o)
    0x08000222   0x00000002   Code   RO         5896    .ARM.Collect$$libinit$$00000033  c_w.l(libinit2.o)
    0x08000224   0x00000002   Code   RO         5983    .ARM.Collect$$libshutdown$$00000000  c_w.l(libshutdown.o)
    0x08000226   0x00000000   Code   RO         6028    .ARM.Collect$$libshutdown$$00000003  c_w.l(libshutdown2.o)
    0x08000226   0x00000000   Code   RO         6031    .ARM.Collect$$libshutdown$$00000006  c_w.l(libshutdown2.o)
    0x08000226   0x00000000   Code   RO         6034    .ARM.Collect$$libshutdown$$00000009  c_w.l(libshutdown2.o)
    0x08000226   0x00000000   Code   RO         6036    .ARM.Collect$$libshutdown$$0000000B  c_w.l(libshutdown2.o)
    0x08000226   0x00000000   Code   RO         6039    .ARM.Collect$$libshutdown$$0000000E  c_w.l(libshutdown2.o)
    0x08000226   0x00000002   Code   RO         6040    .ARM.Collect$$libshutdown$$0000000F  c_w.l(libshutdown2.o)
    0x08000228   0x00000000   Code   RO         5737    .ARM.Collect$$rtentry$$00000000  c_w.l(__rtentry.o)
    0x08000228   0x00000000   Code   RO         5759    .ARM.Collect$$rtentry$$00000002  c_w.l(__rtentry2.o)
    0x08000228   0x00000006   Code   RO         5771    .ARM.Collect$$rtentry$$00000004  c_w.l(__rtentry4.o)
    0x0800022e   0x00000000   Code   RO         5761    .ARM.Collect$$rtentry$$00000009  c_w.l(__rtentry2.o)
    0x0800022e   0x00000004   Code   RO         5762    .ARM.Collect$$rtentry$$0000000A  c_w.l(__rtentry2.o)
    0x08000232   0x00000000   Code   RO         5764    .ARM.Collect$$rtentry$$0000000C  c_w.l(__rtentry2.o)
    0x08000232   0x00000008   Code   RO         5765    .ARM.Collect$$rtentry$$0000000D  c_w.l(__rtentry2.o)
    0x0800023a   0x00000002   Code   RO         5897    .ARM.Collect$$rtexit$$00000000  c_w.l(rtexit.o)
    0x0800023c   0x00000000   Code   RO         5932    .ARM.Collect$$rtexit$$00000002  c_w.l(rtexit2.o)
    0x0800023c   0x00000004   Code   RO         5933    .ARM.Collect$$rtexit$$00000003  c_w.l(rtexit2.o)
    0x08000240   0x00000006   Code   RO         5934    .ARM.Collect$$rtexit$$00000004  c_w.l(rtexit2.o)
    0x08000246   0x00000002   PAD
    0x08000248   0x00000040   Code   RO         5672    .text               startup_stm32l476xx.o
    0x08000288   0x000000ee   Code   RO         5678    .text               c_w.l(lludivv7m.o)
    0x08000376   0x00000002   PAD
    0x08000378   0x00000028   Code   RO         5682    .text               c_w.l(noretval__2sprintf.o)
    0x080003a0   0x00000024   Code   RO         5688    .text               c_w.l(_printf_truncate.o)
    0x080003c4   0x00000078   Code   RO         5690    .text               c_w.l(_printf_dec.o)
    0x0800043c   0x00000188   Code   RO         5709    .text               c_w.l(__printf_flags_ss_wp.o)
    0x080005c4   0x0000003e   Code   RO         5715    .text               c_w.l(strlen.o)
    0x08000602   0x00000018   Code   RO         5717    .text               c_w.l(strcat.o)
    0x0800061a   0x00000064   Code   RO         5719    .text               c_w.l(rt_memcpy_w.o)
    0x0800067e   0x0000004e   Code   RO         5721    .text               c_w.l(rt_memclr_w.o)
    0x080006cc   0x00000056   Code   RO         5723    .text               c_w.l(strncpy.o)
    0x08000722   0x00000006   Code   RO         5725    .text               c_w.l(heapauxi.o)
    0x08000728   0x000000b2   Code   RO         5744    .text               c_w.l(_printf_intcommon.o)
    0x080007da   0x0000041a   Code   RO         5746    .text               c_w.l(_printf_fp_dec.o)
    0x08000bf4   0x00000030   Code   RO         5748    .text               c_w.l(_printf_char_common.o)
    0x08000c24   0x0000000a   Code   RO         5750    .text               c_w.l(_sputc.o)
    0x08000c2e   0x00000044   Code   RO         5755    .text               c_w.l(rt_memclr.o)
    0x08000c72   0x00000002   PAD
    0x08000c74   0x00000008   Code   RO         5778    .text               c_w.l(rt_locale_intlibspace.o)
    0x08000c7c   0x0000008a   Code   RO         5785    .text               c_w.l(lludiv10.o)
    0x08000d06   0x00000002   PAD
    0x08000d08   0x00000080   Code   RO         5789    .text               c_w.l(_printf_fp_infnan.o)
    0x08000d88   0x000000dc   Code   RO         5795    .text               c_w.l(bigflt0.o)
    0x08000e64   0x00000008   Code   RO         5829    .text               c_w.l(libspace.o)
    0x08000e6c   0x0000004a   Code   RO         5832    .text               c_w.l(sys_stackheap_outer.o)
    0x08000eb6   0x0000000c   Code   RO         5838    .text               c_w.l(exit.o)
    0x08000ec2   0x00000002   PAD
    0x08000ec4   0x00000080   Code   RO         5844    .text               c_w.l(strcmpv7m.o)
    0x08000f44   0x0000000c   Code   RO         5929    .text               c_w.l(sys_exit.o)
    0x08000f50   0x00000002   Code   RO         5966    .text               c_w.l(use_no_semi.o)
    0x08000f52   0x00000000   Code   RO         5968    .text               c_w.l(indicate_semi.o)
    0x08000f52   0x0000003e   Code   RO         5798    CL$$btod_d2e        c_w.l(btod.o)
    0x08000f90   0x00000046   Code   RO         5800    CL$$btod_d2e_denorm_low  c_w.l(btod.o)
    0x08000fd6   0x00000060   Code   RO         5799    CL$$btod_d2e_norm_op1  c_w.l(btod.o)
    0x08001036   0x00000338   Code   RO         5808    CL$$btod_div_common  c_w.l(btod.o)
    0x0800136e   0x000000c6   Code   RO         5805    CL$$btod_e2e        c_w.l(btod.o)
    0x08001434   0x00000028   Code   RO         5802    CL$$btod_ediv       c_w.l(btod.o)
    0x0800145c   0x00000028   Code   RO         5801    CL$$btod_emul       c_w.l(btod.o)
    0x08001484   0x00000244   Code   RO         5807    CL$$btod_mult_common  c_w.l(btod.o)
    0x080016c8   0x00000074   Code   RO          364    i.ATTest            main.o
    0x0800173c   0x00000018   Code   RO            9    i.BSP_LED_Toggle    stm32l4xx_nucleo.o
    0x08001754   0x00000002   Code   RO          254    i.BusFault_Handler  stm32l4xx_it.o
    0x08001756   0x00000002   Code   RO          255    i.DebugMon_Handler  stm32l4xx_it.o
    0x08001758   0x00000016   Code   RO          256    i.EXTI15_10_IRQHandler  stm32l4xx_it.o
    0x0800176e   0x00000002   Code   RO          367    i.Error_Handler     main.o
    0x08001770   0x00000014   Code   RO          368    i.FeedWDG           main.o
    0x08001784   0x0000007e   Code   RO          369    i.FlashingFast      main.o
    0x08001802   0x00000042   Code   RO          370    i.FlashingSlow      main.o
    0x08001844   0x00000140   Code   RO          372    i.GenLFM2Pulse      main.o
    0x08001984   0x00000120   Code   RO          373    i.GenLFMPulse       main.o
    0x08001aa4   0x00000074   Code   RO          374    i.GetLSIFrequency   main.o
    0x08001b18   0x0000004e   Code   RO         2158    i.HAL_DMA_Abort_IT  stm32l4xx_hal_dma.o
    0x08001b66   0x00000002   PAD
    0x08001b68   0x00000024   Code   RO         4809    i.HAL_Delay         stm32l4xx_hal.o
    0x08001b8c   0x00000160   Code   RO         4286    i.HAL_GPIO_DeInit   stm32l4xx_hal_gpio.o
    0x08001cec   0x0000000e   Code   RO          375    i.HAL_GPIO_EXTI_Callback  main.o
    0x08001cfa   0x00000002   PAD
    0x08001cfc   0x00000018   Code   RO         4288    i.HAL_GPIO_EXTI_IRQHandler  stm32l4xx_hal_gpio.o
    0x08001d14   0x000001c4   Code   RO         4289    i.HAL_GPIO_Init     stm32l4xx_hal_gpio.o
    0x08001ed8   0x0000000e   Code   RO         4292    i.HAL_GPIO_TogglePin  stm32l4xx_hal_gpio.o
    0x08001ee6   0x0000000a   Code   RO         4293    i.HAL_GPIO_WritePin  stm32l4xx_hal_gpio.o
    0x08001ef0   0x0000000c   Code   RO         4813    i.HAL_GetTick       stm32l4xx_hal.o
    0x08001efc   0x0000005e   Code   RO         5273    i.HAL_IWDG_Init     stm32l4xx_hal_iwdg.o
    0x08001f5a   0x0000000c   Code   RO         5274    i.HAL_IWDG_Refresh  stm32l4xx_hal_iwdg.o
    0x08001f66   0x00000002   PAD
    0x08001f68   0x00000010   Code   RO         4819    i.HAL_IncTick       stm32l4xx_hal.o
    0x08001f78   0x0000001e   Code   RO         4820    i.HAL_Init          stm32l4xx_hal.o
    0x08001f96   0x00000002   PAD
    0x08001f98   0x00000044   Code   RO         4821    i.HAL_InitTick      stm32l4xx_hal.o
    0x08001fdc   0x00000002   Code   RO         4823    i.HAL_MspInit       stm32l4xx_hal.o
    0x08001fde   0x00000022   Code   RO         5142    i.HAL_NVIC_DisableIRQ  stm32l4xx_hal_cortex.o
    0x08002000   0x0000001a   Code   RO         5143    i.HAL_NVIC_EnableIRQ  stm32l4xx_hal_cortex.o
    0x0800201a   0x00000002   PAD
    0x0800201c   0x00000040   Code   RO         5149    i.HAL_NVIC_SetPriority  stm32l4xx_hal_cortex.o
    0x0800205c   0x00000024   Code   RO         5150    i.HAL_NVIC_SetPriorityGrouping  stm32l4xx_hal_cortex.o
    0x08002080   0x00000010   Code   RO         3543    i.HAL_PWREx_GetVoltageRange  stm32l4xx_hal_pwr_ex.o
    0x08002090   0x00000120   Code   RO         3794    i.HAL_RCC_ClockConfig  stm32l4xx_hal_rcc.o
    0x080021b0   0x00000024   Code   RO         3800    i.HAL_RCC_GetPCLK1Freq  stm32l4xx_hal_rcc.o
    0x080021d4   0x00000024   Code   RO         3801    i.HAL_RCC_GetPCLK2Freq  stm32l4xx_hal_rcc.o
    0x080021f8   0x000000a4   Code   RO         3802    i.HAL_RCC_GetSysClockFreq  stm32l4xx_hal_rcc.o
    0x0800229c   0x000004e0   Code   RO         3805    i.HAL_RCC_OscConfig  stm32l4xx_hal_rcc.o
    0x0800277c   0x00000028   Code   RO         5154    i.HAL_SYSTICK_Config  stm32l4xx_hal_cortex.o
    0x080027a4   0x00000002   Code   RO         4370    i.HAL_TIMEx_Break2Callback  stm32l4xx_hal_tim_ex.o
    0x080027a6   0x00000002   Code   RO         4371    i.HAL_TIMEx_BreakCallback  stm32l4xx_hal_tim_ex.o
    0x080027a8   0x00000002   Code   RO         4372    i.HAL_TIMEx_CommutCallback  stm32l4xx_hal_tim_ex.o
    0x080027aa   0x00000002   PAD
    0x080027ac   0x0000005c   Code   RO         4408    i.HAL_TIMEx_RemapConfig  stm32l4xx_hal_tim_ex.o
    0x08002808   0x00000036   Code   RO         1226    i.HAL_TIM_Base_Init  stm32l4xx_hal_tim.o
    0x0800283e   0x00000002   PAD
    0x08002840   0x0000002c   Code   RO          742    i.HAL_TIM_Base_MspInit  stm32l4xx_hal_msp.o
    0x0800286c   0x0000002c   Code   RO         1231    i.HAL_TIM_Base_Start_IT  stm32l4xx_hal_tim.o
    0x08002898   0x00000050   Code   RO          376    i.HAL_TIM_IC_CaptureCallback  main.o
    0x080028e8   0x0000011e   Code   RO         1257    i.HAL_TIM_IC_ConfigChannel  stm32l4xx_hal_tim.o
    0x08002a06   0x00000038   Code   RO         1258    i.HAL_TIM_IC_DeInit  stm32l4xx_hal_tim.o
    0x08002a3e   0x00000036   Code   RO         1260    i.HAL_TIM_IC_Init   stm32l4xx_hal_tim.o
    0x08002a74   0x00000002   Code   RO         1261    i.HAL_TIM_IC_MspDeInit  stm32l4xx_hal_tim.o
    0x08002a76   0x00000002   PAD
    0x08002a78   0x00000048   Code   RO          743    i.HAL_TIM_IC_MspInit  stm32l4xx_hal_msp.o
    0x08002ac0   0x00000060   Code   RO         1265    i.HAL_TIM_IC_Start_IT  stm32l4xx_hal_tim.o
    0x08002b20   0x0000005e   Code   RO         1268    i.HAL_TIM_IC_Stop_IT  stm32l4xx_hal_tim.o
    0x08002b7e   0x00000184   Code   RO         1269    i.HAL_TIM_IRQHandler  stm32l4xx_hal_tim.o
    0x08002d02   0x00000002   Code   RO         1272    i.HAL_TIM_OC_DelayElapsedCallback  stm32l4xx_hal_tim.o
    0x08002d04   0x00000002   Code   RO         1299    i.HAL_TIM_PWM_PulseFinishedCallback  stm32l4xx_hal_tim.o
    0x08002d06   0x00000002   PAD
    0x08002d08   0x00000034   Code   RO          377    i.HAL_TIM_PeriodElapsedCallback  main.o
    0x08002d3c   0x0000002a   Code   RO         1309    i.HAL_TIM_ReadCapturedValue  stm32l4xx_hal_tim.o
    0x08002d66   0x00000002   Code   RO         1312    i.HAL_TIM_TriggerCallback  stm32l4xx_hal_tim.o
    0x08002d68   0x00000002   Code   RO         4646    i.HAL_UARTEx_WakeupCallback  stm32l4xx_hal_uart_ex.o
    0x08002d6a   0x0000003a   Code   RO         3933    i.HAL_UART_DeInit   stm32l4xx_hal_uart.o
    0x08002da4   0x0000000e   Code   RO          378    i.HAL_UART_ErrorCallback  main.o
    0x08002db2   0x00000002   PAD
    0x08002db4   0x00000144   Code   RO         3937    i.HAL_UART_IRQHandler  stm32l4xx_hal_uart.o
    0x08002ef8   0x00000066   Code   RO         3938    i.HAL_UART_Init     stm32l4xx_hal_uart.o
    0x08002f5e   0x00000002   PAD
    0x08002f60   0x00000038   Code   RO          744    i.HAL_UART_MspDeInit  stm32l4xx_hal_msp.o
    0x08002f98   0x00000078   Code   RO          745    i.HAL_UART_MspInit  stm32l4xx_hal_msp.o
    0x08003010   0x000000ec   Code   RO         3941    i.HAL_UART_Receive  stm32l4xx_hal_uart.o
    0x080030fc   0x00000064   Code   RO         3948    i.HAL_UART_Transmit_IT  stm32l4xx_hal_uart.o
    0x08003160   0x0000000c   Code   RO          380    i.HAL_UART_TxCpltCallback  main.o
    0x0800316c   0x00000002   Code   RO          257    i.HardFault_Handler  stm32l4xx_it.o
    0x0800316e   0x0000000c   Code   RO          381    i.InitCurrentTime   main.o
    0x0800317a   0x00000002   PAD
    0x0800317c   0x000000fc   Code   RO          382    i.Init_GPIO_Pins    main.o
    0x08003278   0x000000b0   Code   RO          383    i.Init_LED_Pins     main.o
    0x08003328   0x00000002   Code   RO          258    i.MemManage_Handler  stm32l4xx_it.o
    0x0800332a   0x00000002   Code   RO          259    i.NMI_Handler       stm32l4xx_it.o
    0x0800332c   0x00000002   Code   RO          260    i.PendSV_Handler    stm32l4xx_it.o
    0x0800332e   0x00000002   PAD
    0x08003330   0x0000007c   Code   RO         3806    i.RCC_SetFlashLatencyFromMSIRange  stm32l4xx_hal_rcc.o
    0x080033ac   0x00000010   Code   RO          388    i.Reset_DSP_Relay   main.o
    0x080033bc   0x0000003c   Code   RO          389    i.Reset_LED_Pins    main.o
    0x080033f8   0x00000034   Code   RO          390    i.Reset_Pins        main.o
    0x0800342c   0x00000010   Code   RO          391    i.Reset_TxRx_Relay1  main.o
    0x0800343c   0x00000010   Code   RO          392    i.Reset_TxRx_Relay2  main.o
    0x0800344c   0x00000002   Code   RO          261    i.SVC_Handler       stm32l4xx_it.o
    0x0800344e   0x00000002   PAD
    0x08003450   0x00000010   Code   RO          396    i.Set_DSP_Relay     main.o
    0x08003460   0x00000034   Code   RO          397    i.Set_LED_Pins      main.o
    0x08003494   0x0000000c   Code   RO          399    i.Set_Status        main.o
    0x080034a0   0x00000010   Code   RO          400    i.Set_TxRx_Relay1   main.o
    0x080034b0   0x00000010   Code   RO          401    i.Set_TxRx_Relay2   main.o
    0x080034c0   0x00000004   Code   RO          262    i.SysTick_Handler   stm32l4xx_it.o
    0x080034c4   0x00000064   Code   RO          402    i.SystemClock_Config  main.o
    0x08003528   0x00000044   Code   RO          217    i.SystemInit        system_stm32l4xx.o
    0x0800356c   0x0000000c   Code   RO          263    i.TIM1_UP_TIM16_IRQHandler  stm32l4xx_it.o
    0x08003578   0x0000000c   Code   RO          264    i.TIM3_IRQHandler   stm32l4xx_it.o
    0x08003584   0x000000c0   Code   RO         1314    i.TIM_Base_SetConfig  stm32l4xx_hal_tim.o
    0x08003644   0x0000001a   Code   RO         1315    i.TIM_CCxChannelCmd  stm32l4xx_hal_tim.o
    0x0800365e   0x00000002   PAD
    0x08003660   0x00000078   Code   RO         1335    i.TIM_TI1_SetConfig  stm32l4xx_hal_tim.o
    0x080036d8   0x00000036   Code   RO         1337    i.TIM_TI2_SetConfig  stm32l4xx_hal_tim.o
    0x0800370e   0x00000002   PAD
    0x08003710   0x00000058   Code   RO          406    i.TestUart          main.o
    0x08003768   0x0000000c   Code   RO          265    i.UART4_IRQHandler  stm32l4xx_it.o
    0x08003774   0x000000c8   Code   RO         3951    i.UART_AdvFeatureConfig  stm32l4xx_hal_uart.o
    0x0800383c   0x00000058   Code   RO         3952    i.UART_CheckIdleState  stm32l4xx_hal_uart.o
    0x08003894   0x00000014   Code   RO         3953    i.UART_DMAAbortOnError  stm32l4xx_hal_uart.o
    0x080038a8   0x0000001e   Code   RO         3963    i.UART_EndRxTransfer  stm32l4xx_hal_uart.o
    0x080038c6   0x0000000e   Code   RO          415    i.UART_Error_Handler  main.o
    0x080038d4   0x00000014   Code   RO          416    i.UART_RECV         main.o
    0x080038e8   0x00000048   Code   RO          417    i.UART_SEND         main.o
    0x08003930   0x000002a0   Code   RO         3967    i.UART_SetConfig    stm32l4xx_hal_uart.o
    0x08003bd0   0x00000040   Code   RO         3968    i.UART_TxISR_16BIT  stm32l4xx_hal_uart.o
    0x08003c10   0x0000003c   Code   RO         3969    i.UART_TxISR_8BIT   stm32l4xx_hal_uart.o
    0x08003c4c   0x00000060   Code   RO         3970    i.UART_WaitOnFlagUntilTimeout  stm32l4xx_hal_uart.o
    0x08003cac   0x00000034   Code   RO          418    i.UpdateCurrentTime  main.o
    0x08003ce0   0x00000002   Code   RO          266    i.UsageFault_Handler  stm32l4xx_it.o
    0x08003ce2   0x00000030   Code   RO         5827    i.__ARM_fpclassify  m_wm.l(fpclassify.o)
    0x08003d12   0x00000020   Code   RO         5156    i.__NVIC_SetPriority  stm32l4xx_hal_cortex.o
    0x08003d32   0x0000000e   Code   RO         5702    i._is_digit         c_w.l(__printf_wp.o)
    0x08003d40   0x000001cc   Code   RO          419    i.main              main.o
    0x08003f0c   0x0000002c   Code   RO         5821    locale$$code        c_w.l(lc_numeric_c.o)
    0x08003f38   0x0000000a   Code   RO         5913    x$fpl$fpinit        fz_wm.l(fpinit.o)
    0x08003f42   0x00000004   Code   RO         5729    x$fpl$printf1       fz_wm.l(printf1.o)
    0x08003f46   0x00000000   Code   RO         5757    x$fpl$usenofp       fz_wm.l(usenofp.o)
    0x08003f46   0x00000006   Data   RO           13    .constdata          stm32l4xx_nucleo.o
    0x08003f4c   0x00000040   Data   RO          218    .constdata          system_stm32l4xx.o
    0x08003f8c   0x00000008   Data   RO          219    .constdata          system_stm32l4xx.o
    0x08003f94   0x00000140   Data   RO          428    .constdata          main.o
    0x080040d4   0x00000011   Data   RO         5710    .constdata          c_w.l(__printf_flags_ss_wp.o)
    0x080040e5   0x00000003   PAD
    0x080040e8   0x00000094   Data   RO         5796    .constdata          c_w.l(bigflt0.o)
    0x0800417c   0x00000020   Data   RO         6076    Region$$Table       anon$$obj.o
    0x0800419c   0x0000001c   Data   RO         5820    locale$$data        c_w.l(lc_numeric_c.o)


    Execution Region RW_IRAM2 (Base: 0x10000000, Size: 0x00000020, Max: 0x00000080, ABSOLUTE, UNINIT)

    Base Addr    Size         Type   Attr      Idx    E Section Name        Object

    0x10000000   0x00000002   Zero   RW          422    .ARM.__AT_0x10000000  main.o
    0x10000002   0x00000006   PAD
    0x10000008   0x00000002   Zero   RW          423    .ARM.__AT_0x10000008  main.o
    0x1000000a   0x0000000c   PAD
    0x10000016   0x00000008   Zero   RW          424    .ARM.__AT_0x10000016  main.o


    Execution Region RW_IRAM1 (Base: 0x20000000, Size: 0x00000958, Max: 0x00018000, ABSOLUTE)

    Base Addr    Size         Type   Attr      Idx    E Section Name        Object

    0x20000000   0x00000008   Data   RW           14    .data               stm32l4xx_nucleo.o
    0x20000008   0x00000004   Data   RW          220    .data               system_stm32l4xx.o
    0x2000000c   0x00000094   Data   RW          429    .data               main.o
    0x200000a0   0x0000000c   Data   RW         4837    .data               stm32l4xx_hal.o
    0x200000ac   0x00000248   Zero   RW          425    .bss                main.o
    0x200002f4   0x00000060   Zero   RW         5830    .bss                c_w.l(libspace.o)
    0x20000354   0x00000004   PAD
    0x20000358   0x00000200   Zero   RW         5670    HEAP                startup_stm32l476xx.o
    0x20000558   0x00000400   Zero   RW         5669    STACK               startup_stm32l476xx.o


==============================================================================

Image component sizes


      Code (inc. data)   RO Data    RW Data    ZI Data      Debug   Object Name

      2744        270        320        148        596      22542   main.o
        64         26        392          0       1536        872   startup_stm32l476xx.o
       164         24          0         12          0       5323   stm32l4xx_hal.o
       232         14          0          0          0      34817   stm32l4xx_hal_cortex.o
        78          0          0          0          0       1187   stm32l4xx_hal_dma.o
       852         76          0          0          0       4722   stm32l4xx_hal_gpio.o
       106          0          0          0          0       1931   stm32l4xx_hal_iwdg.o
       292         22          0          0          0       3108   stm32l4xx_hal_msp.o
        16          6          0          0          0        656   stm32l4xx_hal_pwr_ex.o
      1896         98          0          0          0       7020   stm32l4xx_hal_rcc.o
      1514         66          0          0          0      14247   stm32l4xx_hal_tim.o
        98         14          0          0          0       3292   stm32l4xx_hal_tim_ex.o
      2050         84          0          0          0      11627   stm32l4xx_hal_uart.o
         2          0          0          0          0       1164   stm32l4xx_hal_uart_ex.o
        78         18          0          0          0       6729   stm32l4xx_it.o
        24          8          6          8          0     818649   stm32l4xx_nucleo.o
        68         12         72          4          0       1393   system_stm32l4xx.o

    ----------------------------------------------------------------------
     10310        738        822        172       2152     939279   Object Totals
         0          0         32          0          0          0   (incl. Generated)
        32          0          0          0         20          0   (incl. Padding)

    ----------------------------------------------------------------------

      Code (inc. data)   RO Data    RW Data    ZI Data      Debug   Library Member Name

         8          0          0          0          0         68   __main.o
       392          4         17          0          0         92   __printf_flags_ss_wp.o
        14          0          0          0          0         68   __printf_wp.o
         0          0          0          0          0          0   __rtentry.o
        12          0          0          0          0          0   __rtentry2.o
         6          0          0          0          0          0   __rtentry4.o
        52          8          0          0          0          0   __scatter.o
        26          0          0          0          0          0   __scatter_copy.o
        28          0          0          0          0          0   __scatter_zi.o
        48          6          0          0          0         96   _printf_char_common.o
       120         16          0          0          0         92   _printf_dec.o
         6          0          0          0          0          0   _printf_f.o
      1050          0          0          0          0        216   _printf_fp_dec.o
       128         16          0          0          0         84   _printf_fp_infnan.o
       178          0          0          0          0         88   _printf_intcommon.o
         0          0          0          0          0          0   _printf_percent.o
         4          0          0          0          0          0   _printf_percent_end.o
        36          0          0          0          0         84   _printf_truncate.o
         6          0          0          0          0          0   _printf_u.o
        10          0          0          0          0         68   _sputc.o
       220          4        148          0          0         96   bigflt0.o
      1910        128          0          0          0        672   btod.o
        12          0          0          0          0         72   exit.o
         6          0          0          0          0        152   heapauxi.o
         0          0          0          0          0          0   indicate_semi.o
        44         10         28          0          0         76   lc_numeric_c.o
         2          0          0          0          0          0   libinit.o
        22          0          0          0          0          0   libinit2.o
         2          0          0          0          0          0   libshutdown.o
         2          0          0          0          0          0   libshutdown2.o
         8          4          0          0         96         68   libspace.o
       138          0          0          0          0         80   lludiv10.o
       238          0          0          0          0        100   lludivv7m.o
        40          6          0          0          0         84   noretval__2sprintf.o
         8          4          0          0          0         68   rt_locale_intlibspace.o
        68          0          0          0          0         68   rt_memclr.o
        78          0          0          0          0         80   rt_memclr_w.o
       100          0          0          0          0         80   rt_memcpy_w.o
         2          0          0          0          0          0   rtexit.o
        10          0          0          0          0          0   rtexit2.o
        24          0          0          0          0         68   strcat.o
       128          0          0          0          0         68   strcmpv7m.o
        62          0          0          0          0         76   strlen.o
        86          0          0          0          0         76   strncpy.o
        12          4          0          0          0         68   sys_exit.o
        74          0          0          0          0         80   sys_stackheap_outer.o
         2          0          0          0          0         68   use_no_semi.o
        10          0          0          0          0        116   fpinit.o
         4          0          0          0          0        116   printf1.o
         0          0          0          0          0          0   usenofp.o
        48          0          0          0          0        124   fpclassify.o

    ----------------------------------------------------------------------
      5496        210        196          0        100       3512   Library Totals
        12          0          3          0          4          0   (incl. Padding)

    ----------------------------------------------------------------------

      Code (inc. data)   RO Data    RW Data    ZI Data      Debug   Library Name

      5422        210        193          0         96       3156   c_w.l
        14          0          0          0          0        232   fz_wm.l
        48          0          0          0          0        124   m_wm.l

    ----------------------------------------------------------------------
      5496        210        196          0        100       3512   Library Totals

    ----------------------------------------------------------------------

==============================================================================


      Code (inc. data)   RO Data    RW Data    ZI Data      Debug   

     15806        948       1018        172       2252     930123   Grand Totals
     15806        948       1018        172       2252     930123   ELF Image Totals
     15806        948       1018        172          0          0   ROM Totals

==============================================================================

    Total RO  Size (Code + RO Data)                16824 (  16.43kB)
    Total RW  Size (RW Data + ZI Data)              2424 (   2.37kB)
    Total ROM Size (Code + RO Data + RW Data)      16996 (  16.60kB)

==============================================================================

