<html>
<body>
<pre>
<h1>µVision Build Log</h1>
<h2>Tool Versions:</h2>
IDE-Version: ¦ÌVision V5.14.0.0
Copyright (C) 2015 ARM Ltd and ARM Germany GmbH. All rights reserved.
License Information: DA PC, ZJU, LIC=0VRJJ-U0FLD-VJ36J-UCYBN-SJ4C6-NN6QJ
 
Tool Versions:
Toolchain:       MDK-ARM Professional  Version: 5.14.0.0
Toolchain Path:  E:\MDK\ARM\ARMCC\Bin
C Compiler:      Armcc.exe V5.05 update 1 (build 106)
Assembler:       Armasm.exe V5.05 update 1 (build 106)
Linker/Locator:  ArmLink.exe V5.05 update 1 (build 106)
Library Manager: ArmAr.exe V5.05 update 1 (build 106)
Hex Converter:   FromElf.exe V5.05 update 1 (build 106)
CPU DLL:         SARMCM3.DLL V5.14.0.0
Dialog DLL:      DCM.DLL V1.13.1.0
Target DLL:      Segger\JL2CM3.dll V2.99.13.0
Dialog DLL:      TCM.DLL V1.14.4.0
 
<h2>Project:</h2>
F:\Lab\hardware\STM32\STM32L476\STM32Cube_FW_L4_V1.14.0\Projects\NUCLEO-L476RG\Templates_v0.4.1\MDK-ARM\Project.uvprojx
Project File Date:  01/12/2020

<h2>Output:</h2>
Rebuild target 'STM32L476RG_NUCLEO'
compiling stm32l4xx_nucleo.c...
compiling system_stm32l4xx.c...
compiling stm32l4xx_it.c...
compiling main.c...
..\Src\main.c(513): warning:  #177-D: variable "chtmp" was declared but never referenced
        char chtmp[] = "hchchchc";
..\Src\main.c: 1 warning, 0 errors
compiling stm32l4xx_hal_msp.c...
compiling stm32l4xx_hal_crc_ex.c...
compiling stm32l4xx_ll_sdmmc.c...
compiling stm32l4xx_hal_cryp_ex.c...
compiling stm32l4xx_hal_tsc.c...
compiling stm32l4xx_hal_comp.c...
compiling stm32l4xx_hal_nor.c...
compiling stm32l4xx_hal_rtc_ex.c...
compiling stm32l4xx_hal_rcc_ex.c...
compiling stm32l4xx_hal_cryp.c...
compiling stm32l4xx_hal_flash_ramfunc.c...
compiling stm32l4xx_hal_tim.c...
compiling stm32l4xx_hal_wwdg.c...
compiling stm32l4xx_hal_swpmi.c...
compiling stm32l4xx_hal_pcd_ex.c...
compiling stm32l4xx_hal_dma.c...
compiling stm32l4xx_hal_lptim.c...
compiling stm32l4xx_hal_mmc.c...
compiling stm32l4xx_hal_mmc_ex.c...
compiling stm32l4xx_hal_flash.c...
compiling stm32l4xx_hal_dac_ex.c...
compiling stm32l4xx_hal_qspi.c...
compiling stm32l4xx_hal_sd.c...
compiling stm32l4xx_hal_dac.c...
compiling stm32l4xx_ll_usb.c...
compiling stm32l4xx_hal_nand.c...
compiling stm32l4xx_hal_opamp.c...
compiling stm32l4xx_hal_pcd.c...
compiling stm32l4xx_hal_irda.c...
compiling stm32l4xx_hal_lcd.c...
compiling stm32l4xx_hal_sai.c...
compiling stm32l4xx_hal_opamp_ex.c...
compiling stm32l4xx_hal_pwr.c...
compiling stm32l4xx_hal_hcd.c...
compiling stm32l4xx_hal_crc.c...
compiling stm32l4xx_hal_pwr_ex.c...
compiling stm32l4xx_hal_adc_ex.c...
compiling stm32l4xx_hal_sram.c...
compiling stm32l4xx_hal_rcc.c...
compiling stm32l4xx_hal_can.c...
compiling stm32l4xx_hal_uart.c...
compiling stm32l4xx_hal_smartcard_ex.c...
compiling stm32l4xx_hal_gpio.c...
compiling stm32l4xx_hal_rng.c...
compiling stm32l4xx_hal_tim_ex.c...
compiling stm32l4xx_hal_uart_ex.c...
compiling stm32l4xx_hal_flash_ex.c...
compiling stm32l4xx_hal_spi_ex.c...
compiling stm32l4xx_hal.c...
compiling stm32l4xx_hal_i2c.c...
compiling stm32l4xx_hal_smartcard.c...
compiling stm32l4xx_hal_adc.c...
compiling stm32l4xx_hal_firewall.c...
compiling stm32l4xx_hal_cortex.c...
compiling stm32l4xx_hal_iwdg.c...
compiling stm32l4xx_hal_spi.c...
compiling stm32l4xx_hal_usart.c...
compiling stm32l4xx_hal_i2c_ex.c...
compiling stm32l4xx_hal_smbus.c...
compiling stm32l4xx_ll_fmc.c...
compiling stm32l4xx_hal_dfsdm.c...
compiling stm32l4xx_hal_rtc.c...
assembling startup_stm32l476xx.s...
linking...
STM32L476RG_NUCLEO\STM32L476RG_NUCLEO.axf: Warning: L6988W: Ignoring unknown patch sdcomp-29491-629360.
Program Size: Code=10366 RO-data=502 RW-data=172 ZI-data=2252  
Finished: 0 information, 1 warning and 0 error messages.
"STM32L476RG_NUCLEO\STM32L476RG_NUCLEO.axf" - 0 Error(s), 2 Warning(s).

<h2>Software Packages used:</h2>

Package Vendor: ARM
                http://www.keil.com/pack/ARM.CMSIS.4.2.0.pack
                ARM::CMSIS:CORE:3.40.0
                CMSIS (Cortex Microcontroller Software Interface Standard)
   * Component: CORE Version: 3.40.0

Package Vendor: Keil
                http://www.keil.com/pack/Keil.STM32L4xx_DFP.2.2.0.pack
                Keil::Device:Startup:1.3.1
                STMicroelectronics STM32L4 Series Device Support, Drivers and Examples
   * Component: Startup Version: 1.3.1

<h2>Collection of Component include folders:</h2>
  F:\Lab\hardware\STM32\STM32L476\STM32Cube_FW_L4_V1.14.0\Projects\NUCLEO-L476RG\Templates_v0.4.1\MDK-ARM\RTE
  E:\MDK\ARM\PACK\ARM\CMSIS\4.2.0\CMSIS\Include
  E:\MDK\ARM\PACK\Keil\STM32L4xx_DFP\2.2.0

<h2>Collection of Component Files used:</h2>

   * Component: ARM::CMSIS:CORE:3.40.0
      Source file:   CMSIS\UserCodeTemplates\ARM\ITM_Retarget.c

   * Component: Keil::Device:Startup:1.3.1
      Include file:  Drivers\CMSIS\Device\ST\STM32L4xx\Include\stm32l4xx.h
      Source file:   MDK\Device\Source\ARM\STM32L4xx_DB_OPT.s
      Source file:   Drivers\CMSIS\Device\ST\STM32L4xx\Source\Templates\system_stm32l4xx.c
      Source file:   Drivers\CMSIS\Device\ST\STM32L4xx\Source\Templates\arm\startup_stm32l476xx.s
</pre>
</body>
</html>
